******************************************************************************
                  TI ARM Linker PC v5.1.5                      
******************************************************************************
>> Linked Mon Jul 21 16:46:50 2014

OUTPUT FILE NAME:   <UART_IMU.out>
ENTRY POINT SYMBOL: "_c_int00"  address: 00000991


MEMORY CONFIGURATION

         name            origin    length      used     unused   attr    fill
----------------------  --------  ---------  --------  --------  ----  --------
  FLASH                 00000000   00040000  00000cc8  0003f338  R  X
  SRAM                  20000000   00008000  00000214  00007dec  RW X


SEGMENT ALLOCATION MAP

run origin  load origin   length   init length attrs members
----------  ----------- ---------- ----------- ----- -------
00000000    00000000    00000cc8   00000cc8    r-x
  00000000    00000000    0000026c   0000026c    r-- .intvecs
  0000026c    0000026c    00000918   00000918    r-x .text
  00000b84    00000b84    00000124   00000124    r-- .const
  00000ca8    00000ca8    00000020   00000020    r-- .cinit
20000000    20000000    00000214   00000000    rw-
  20000000    20000000    00000200   00000000    rw- .stack
  20000200    20000200    00000014   00000000    rw- .data


SECTION ALLOCATION MAP

 output                                  attributes/
section   page    origin      length       input sections
--------  ----  ----------  ----------   ----------------
.intvecs   0    00000000    0000026c     
                  00000000    0000026c     lm4f120h5qr_startup_ccs.obj (.intvecs)

.init_array 
*          0    00000000    00000000     UNINITIALIZED

.text      0    0000026c    00000918     
                  0000026c    000001d8     driverlib-cm4f.lib : sysctl.obj (.text:SysCtlClockGet)
                  00000444    0000013c                        : sysctl.obj (.text:SysCtlClockSet)
                  00000580    00000118     main.obj (.text)
                  00000698    000000c8     driverlib-cm4f.lib : gpio.obj (.text:GPIOPadConfigSet)
                  00000760    0000009c     rtsv7M4_T_le_v4SPD16_eabi.lib : memcpy_t2.obj (.text)
                  000007fc    00000094                                   : auto_init.obj (.text)
                  00000890    0000005e                                   : copy_decompress_rle.obj (.text)
                  000008ee    00000002     --HOLE-- [fill = 0]
                  000008f0    00000058     driverlib-cm4f.lib : sysctl.obj (.text:SysCtlPeripheralEnable)
                  00000948    00000048                        : gpio.obj (.text:GPIOPinConfigure)
                  00000990    00000048     rtsv7M4_T_le_v4SPD16_eabi.lib : boot.obj (.text)
                  000009d8    00000044                                   : cpy_tbl.obj (.text)
                  00000a1c    00000044                                   : exit.obj (.text)
                  00000a60    00000042     driverlib-cm4f.lib : uart.obj (.text:UARTConfigSetExpClk)
                  00000aa2    0000002e                        : gpio.obj (.text:GPIODirModeSet)
                  00000ad0    0000001c                        : uart.obj (.text:UARTDisable)
                  00000aec    00000018     rtsv7M4_T_le_v4SPD16_eabi.lib : args_main.obj (.text)
                  00000b04    00000014     driverlib-cm4f.lib : uart.obj (.text:UARTEnable)
                  00000b18    00000014     rtsv7M4_T_le_v4SPD16_eabi.lib : _lock.obj (.text)
                  00000b2c    00000012     driverlib-cm4f.lib : gpio.obj (.text:GPIOPinTypeUART)
                  00000b3e    0000000e     rtsv7M4_T_le_v4SPD16_eabi.lib : copy_decompress_none.obj (.text:decompress:none)
                  00000b4c    0000000c     driverlib-cm4f.lib : uart.obj (.text:UARTCharsAvail)
                  00000b58    0000000c     lm4f120h5qr_startup_ccs.obj (.text)
                  00000b64    0000000a     driverlib-cm4f.lib : uart.obj (.text:UARTCharGet)
                  00000b6e    0000000a                        : uart.obj (.text:UARTCharPut)
                  00000b78    00000006                        : sysctl.obj (.text:SysCtlDelay)
                  00000b7e    00000006     rtsv7M4_T_le_v4SPD16_eabi.lib : copy_decompress_rle.obj (.text:decompress:rle24)

.const     0    00000b84    00000124     
                  00000b84    00000078     driverlib-cm4f.lib : gpio.obj (.const:g_pulGPIOBaseAddrs)
                  00000bfc    0000006c                        : sysctl.obj (.const:g_pulXtals)
                  00000c68    00000040                        : sysctl.obj (.const)

.cinit     0    00000ca8    00000020     
                  00000ca8    0000000f     (.cinit..data.load) [load image, compression = rle]
                  00000cb7    00000001     --HOLE-- [fill = 0]
                  00000cb8    00000008     (__TI_handler_table)
                  00000cc0    00000008     (__TI_cinit_table)

.stack     0    20000000    00000200     UNINITIALIZED
                  20000000    00000200     --HOLE--

.data      0    20000200    00000014     UNINITIALIZED
                  20000200    00000008     rtsv7M4_T_le_v4SPD16_eabi.lib : _lock.obj (.data)
                  20000208    00000008                                   : exit.obj (.data)
                  20000210    00000004                                   : stkdepth_vars.obj (.data)


LINKER GENERATED COPY TABLES

__TI_cinit_table @ 00000cc0 records: 1, size/record: 8, table size: 8
	.data: load addr=00000ca8, load size=0000000f bytes, run addr=20000200, run size=00000014 bytes, compression=rle


LINKER GENERATED HANDLER TABLE

__TI_handler_table @ 00000cb8 records: 2, size/record: 4, table size: 8
	index: 0, handler: __TI_decompress_rle24
	index: 1, handler: __TI_decompress_none


GLOBAL SYMBOLS: SORTED ALPHABETICALLY BY Name 

address    name
--------   ----
00000a1d   C$$EXIT
00000aa3   GPIODirModeSet
00000699   GPIOPadConfigSet
00000949   GPIOPinConfigure
00000b2d   GPIOPinTypeUART
00000b59   ResetISR
UNDEFED    SHT$$INIT_ARRAY$$Base
UNDEFED    SHT$$INIT_ARRAY$$Limit
0000026d   SysCtlClockGet
00000445   SysCtlClockSet
00000b79   SysCtlDelay
000008f1   SysCtlPeripheralEnable
00000b65   UARTCharGet
00000b6f   UARTCharPut
00000b4d   UARTCharsAvail
00000a61   UARTConfigSetExpClk
00000ad1   UARTDisable
00000b05   UARTEnable
20000200   __STACK_END
00000200   __STACK_SIZE
20000200   __STACK_TOP
00000cc0   __TI_CINIT_Base
00000cc8   __TI_CINIT_Limit
00000cb8   __TI_Handler_Table_Base
00000cc0   __TI_Handler_Table_Limit
00000001   __TI_args_main
000007fd   __TI_auto_init
20000208   __TI_cleanup_ptr
00000b3f   __TI_decompress_none
00000b7f   __TI_decompress_rle24
2000020c   __TI_dtors_ptr
00000000   __TI_static_base__
00000761   __aeabi_memcpy
00000761   __aeabi_memcpy4
00000761   __aeabi_memcpy8
ffffffff   __binit__
ffffffff   __c_args__
20000000   __stack
00000aed   _args_main
00000991   _c_int00
20000200   _lock
00000b27   _nop
00000b1f   _register_lock
00000b19   _register_unlock
20000204   _unlock
00000a21   abort
ffffffff   binit
000009d9   copy_in
00000a29   exit
00000000   g_pfnVectors
00000581   main
20000210   main_func_sp
00000761   memcpy


GLOBAL SYMBOLS: SORTED BY Symbol Address 

address    name
--------   ----
00000000   __TI_static_base__
00000000   g_pfnVectors
00000001   __TI_args_main
00000200   __STACK_SIZE
0000026d   SysCtlClockGet
00000445   SysCtlClockSet
00000581   main
00000699   GPIOPadConfigSet
00000761   __aeabi_memcpy
00000761   __aeabi_memcpy4
00000761   __aeabi_memcpy8
00000761   memcpy
000007fd   __TI_auto_init
000008f1   SysCtlPeripheralEnable
00000949   GPIOPinConfigure
00000991   _c_int00
000009d9   copy_in
00000a1d   C$$EXIT
00000a21   abort
00000a29   exit
00000a61   UARTConfigSetExpClk
00000aa3   GPIODirModeSet
00000ad1   UARTDisable
00000aed   _args_main
00000b05   UARTEnable
00000b19   _register_unlock
00000b1f   _register_lock
00000b27   _nop
00000b2d   GPIOPinTypeUART
00000b3f   __TI_decompress_none
00000b4d   UARTCharsAvail
00000b59   ResetISR
00000b65   UARTCharGet
00000b6f   UARTCharPut
00000b79   SysCtlDelay
00000b7f   __TI_decompress_rle24
00000cb8   __TI_Handler_Table_Base
00000cc0   __TI_CINIT_Base
00000cc0   __TI_Handler_Table_Limit
00000cc8   __TI_CINIT_Limit
20000000   __stack
20000200   __STACK_END
20000200   __STACK_TOP
20000200   _lock
20000204   _unlock
20000208   __TI_cleanup_ptr
2000020c   __TI_dtors_ptr
20000210   main_func_sp
ffffffff   __binit__
ffffffff   __c_args__
ffffffff   binit
UNDEFED    SHT$$INIT_ARRAY$$Base
UNDEFED    SHT$$INIT_ARRAY$$Limit

[53 symbols]
