******************************************************************************
                  TI ARM Linker PC v5.1.5                      
******************************************************************************
>> Linked Sun Jul 13 17:08:19 2014

OUTPUT FILE NAME:   <IMU_ROV.out>
ENTRY POINT SYMBOL: "_c_int00"  address: 00007ba5


MEMORY CONFIGURATION

         name            origin    length      used     unused   attr    fill
----------------------  --------  ---------  --------  --------  ----  --------
  FLASH                 00000000   00040000  00008262  00037d9e  R  X
  SRAM                  20000000   00008000  00001489  00006b77  RW X


SEGMENT ALLOCATION MAP

run origin  load origin   length   init length attrs members
----------  ----------- ---------- ----------- ----- -------
00000000    00000000    00008268   00008268    r-x
  00000000    00000000    0000026c   0000026c    r-- .intvecs
  0000026c    0000026c    00007d06   00007d06    r-x .text
  00007f78    00007f78    00000180   00000180    r-- .const
  000080f8    000080f8    00000170   00000170    r-- .cinit
20000000    20000000    0000148c   00000000    rw-
  20000000    20000000    00000dfd   00000000    rw- .bss
  20000e00    20000e00    0000048c   00000000    rw- .data
  2000128c    2000128c    00000200   00000000    rw- .stack


SECTION ALLOCATION MAP

 output                                  attributes/
section   page    origin      length       input sections
--------  ----  ----------  ----------   ----------------
.intvecs   0    00000000    0000026c     
                  00000000    0000026c     lm4f120h5qr_startup_ccs.obj (.intvecs)

.init_array 
*          0    00000000    00000000     UNINITIALIZED

.text      0    0000026c    00007d06     
                  0000026c    00004570     Kalman_Sim.obj (.text)
                  000047dc    00000858     main.obj (.text)
                  00005034    000003b0     Magneto.obj (.text)
                  000053e4    000003b0     My_I2C.obj (.text)
                  00005794    00000390     My_UART.obj (.text)
                  00005b24    000002dc     My_Timer.obj (.text)
                  00005e00    000002bc     Accelerometer.obj (.text)
                  000060bc    000002a8     rtsv7M4_T_le_v4SPD16_eabi.lib : xsin.obj (.text)
                  00006364    00000254     Gyro.obj (.text)
                  000065b8    000001b6     rtsv7M4_T_le_v4SPD16_eabi.lib : fd_add_t2.obj (.text)
                  0000676e    00000002     --HOLE-- [fill = 0]
                  00006770    0000018c                                   : xatan.obj (.text)
                  000068fc    00000178     My_DMA.obj (.text)
                  00006a74    0000016c     rtsv7M4_T_le_v4SPD16_eabi.lib : fmod.obj (.text)
                  00006be0    00000148                                   : sqrt.obj (.text)
                  00006d28    00000136                                   : fd_div_t2.obj (.text)
                  00006e5e    00000002     --HOLE-- [fill = 0]
                  00006e60    00000130     rt_atan232_snf.obj (.text)
                  00006f90    0000011c     rtsv7M4_T_le_v4SPD16_eabi.lib : asin.obj (.text)
                  000070ac    00000118                                   : atan2.obj (.text)
                  000071c4    00000114     rt_nonfinite.obj (.text)
                  000072d8    00000110     rtsv7M4_T_le_v4SPD16_eabi.lib : xdscale.obj (.text)
                  000073e8    000000fc                                   : fd_mul_t2.obj (.text)
                  000074e4    000000d0     rtGetInf.obj (.text)
                  000075b4    000000c4     rtsv7M4_T_le_v4SPD16_eabi.lib : xdnorm.obj (.text)
                  00007678    000000b8     driverlib.lib : gpio.obj (.text:GPIOPadConfigSet)
                  00007730    0000009c     rtsv7M4_T_le_v4SPD16_eabi.lib : memcpy_t2.obj (.text)
                  000077cc    00000094                                   : auto_init.obj (.text)
                  00007860    00000086                                   : fd_cmp_t2.obj (.text:__aeabi_cdcmple)
                  000078e6    00000086                                   : fd_cmp_t2.obj (.text:__aeabi_cdrcmple)
                  0000796c    00000078                                   : memset_t2.obj (.text)
                  000079e4    0000006c     rtGetNaN.obj (.text)
                  00007a50    00000064     rtsv7M4_T_le_v4SPD16_eabi.lib : xdunscal.obj (.text)
                  00007ab4    0000005e                                   : copy_decompress_rle.obj (.text)
                  00007b12    0000004a                                   : fd_tos_t2.obj (.text)
                  00007b5c    00000048     driverlib.lib : gpio.obj (.text:GPIOPinConfigure)
                  00007ba4    00000048     rtsv7M4_T_le_v4SPD16_eabi.lib : boot.obj (.text)
                  00007bec    00000048                                   : fd_toi_t2.obj (.text)
                  00007c34    00000044     My_Init.obj (.text)
                  00007c78    00000044     rtsv7M4_T_le_v4SPD16_eabi.lib : cpy_tbl.obj (.text)
                  00007cbc    00000044                                   : exit.obj (.text)
                  00007d00    00000044                                   : xdtest.obj (.text)
                  00007d44    00000040                                   : signal.obj (.text)
                  00007d84    00000038                                   : fs_tod_t2.obj (.text)
                  00007dbc    00000034                                   : feraiseexcept.obj (.text)
                  00007df0    00000030                                   : xferaise.obj (.text)
                  00007e20    0000002e                                   : i_tofd_t2.obj (.text)
                  00007e4e    0000002e                                   : raise.obj (.text)
                  00007e7c    0000002a     driverlib.lib : gpio.obj (.text:GPIODirModeSet)
                  00007ea6    00000020     rtsv7M4_T_le_v4SPD16_eabi.lib : u_tofd_t2.obj (.text)
                  00007ec6    0000001a                                   : cos.obj (.text)
                  00007ee0    0000001a                                   : sin.obj (.text)
                  00007efa    00000002     --HOLE-- [fill = 0]
                  00007efc    00000018                                   : args_main.obj (.text)
                  00007f14    00000014                                   : _lock.obj (.text)
                  00007f28    00000012     driverlib.lib : gpio.obj (.text:GPIOPinTypeI2CSCL)
                  00007f3a    00000012     rtsv7M4_T_le_v4SPD16_eabi.lib : copy_zero_init.obj (.text:decompress:ZI)
                  00007f4c    0000000e                                   : copy_decompress_none.obj (.text:decompress:none)
                  00007f5a    0000000c     lm4f120h5qr_startup_ccs.obj (.text)
                  00007f66    00000006     driverlib.lib : sysctl.obj (.text:SysCtlDelay)
                  00007f6c    00000006     rtsv7M4_T_le_v4SPD16_eabi.lib : copy_decompress_rle.obj (.text:decompress:rle24)

.const     0    00007f78    00000180     
                  00007f78    00000088     rtsv7M4_T_le_v4SPD16_eabi.lib : xatan.obj (.const)
                  00008000    00000080                                   : xsin.obj (.const)
                  00008080    00000078     driverlib.lib : gpio.obj (.const:g_pui32GPIOBaseAddrs)

.cinit     0    000080f8    00000170     
                  000080f8    0000014a     (.cinit..data.load) [load image, compression = rle]
                  00008242    00000002     --HOLE-- [fill = 0]
                  00008244    0000000c     (__TI_handler_table)
                  00008250    00000008     (.cinit..bss.load) [load image, compression = zero_init]
                  00008258    00000010     (__TI_cinit_table)

.bss       0    20000000    00000dfd     UNINITIALIZED
                  20000000    00000400     My_DMA.obj (.bss:ucControlTable)
                  20000400    00000154     Kalman_Sim.obj (.bss:Kalman_Sim_DWork)
                  20000554    00000090     Kalman_Sim.obj (.bss:eml_Kk)
                  200005e4    00000090     Kalman_Sim.obj (.bss:eml_P)
                  20000674    00000090     Kalman_Sim.obj (.bss:eml_P_0)
                  20000704    00000090     Kalman_Sim.obj (.bss:eml_Phik)
                  20000794    00000090     Kalman_Sim.obj (.bss:eml_Phik_0)
                  20000824    00000090     Kalman_Sim.obj (.bss:eml_b_x)
                  200008b4    00000090     Kalman_Sim.obj (.bss:tmp)
                  20000944    00000090     Kalman_Sim.obj (.bss:tmp_0)
                  200009d4    00000090     Kalman_Sim.obj (.bss:tmp_3)
                  20000a64    0000004c     My_Init.obj (.bss:Uart_Send)
                  20000ab0    00000048     Kalman_Sim.obj (.bss:eml_b_d)
                  20000af8    00000048     Kalman_Sim.obj (.bss:eml_d)
                  20000b40    00000030     My_Init.obj (.bss:Uart_Array)
                  20000b70    00000028     My_Init.obj (.bss:rx_temp_buffer)
                  20000b98    00000024     Kalman_Sim.obj (.bss:eml_C_0)
                  20000bbc    00000024     Kalman_Sim.obj (.bss:eml_I)
                  20000be0    00000024     Kalman_Sim.obj (.bss:eml_I_0)
                  20000c04    00000024     Kalman_Sim.obj (.bss:tmp_1)
                  20000c28    00000024     Kalman_Sim.obj (.bss:tmp_2)
                  20000c4c    00000018     (.common:eml_x)
                  20000c64    00000018     (.common:eml_x_0)
                  20000c7c    00000018     (.common:rtb_TmpSignalConversionAtSFun_0)
                  20000c94    00000018     (.common:rtb_TmpSignalConversionAtSFunct)
                  20000cac    00000018     (.common:rtb_x_h)
                  20000cc4    00000004     (.common:Kalman_Sim_M_)
                  20000cc8    00000018     (.common:time_1)
                  20000ce0    0000000c     (.common:Out1)
                  20000cec    0000000c     (.common:eml_b_I)
                  20000cf8    0000000c     (.common:eml_c_I)
                  20000d04    0000000c     (.common:facc)
                  20000d10    0000000c     (.common:fgyro)
                  20000d1c    0000000c     (.common:fmag)
                  20000d28    0000000c     (.common:offset)
                  20000d34    0000000c     (.common:rtb_x_0)
                  20000d40    0000000c     (.common:rtb_x_h_0)
                  20000d4c    00000004     (.common:eml_C)
                  20000d50    00000008     (.common:Out2)
                  20000d58    00000008     (.common:eml_Xh)
                  20000d60    00000008     (.common:eml_ipiv)
                  20000d68    00000008     (.common:eml_p)
                  20000d70    00000008     (.common:rtInf)
                  20000d78    00000008     (.common:rtMinusInf)
                  20000d80    00000008     (.common:rtNaN)
                  20000d88    00000004     (.common:eml_b_k)
                  20000d8c    00000004     (.common:eml_c_x)
                  20000d90    00000004     (.common:eml_cos_phi)
                  20000d94    00000004     (.common:eml_cos_theta)
                  20000d98    00000004     (.common:eml_i)
                  20000d9c    00000004     (.common:eml_j)
                  20000da0    00000004     (.common:eml_jA)
                  20000da4    00000004     (.common:eml_jBcol)
                  20000da8    00000004     (.common:eml_jp1j)
                  20000dac    00000004     (.common:eml_k)
                  20000db0    00000004     (.common:eml_kAcol)
                  20000db4    00000004     (.common:eml_loop_ub)
                  20000db8    00000004     (.common:eml_mmj)
                  20000dbc    00000004     (.common:eml_scale)
                  20000dc0    00000004     (.common:eml_sin_phi)
                  20000dc4    00000004     (.common:eml_smax)
                  20000dc8    00000004     (.common:eml_t)
                  20000dcc    00000004     (.common:eml_xk)
                  20000dd0    00000004     (.common:eml_y)
                  20000dd4    00000004     (.common:rtInfF)
                  20000dd8    00000004     (.common:rtMinusInfF)
                  20000ddc    00000004     (.common:rtNaNF)
                  20000de0    00000004     (.common:rtb_Gain1_idx)
                  20000de4    00000004     (.common:rtb_Gain1_idx_0)
                  20000de8    00000004     (.common:rtb_theta)
                  20000dec    00000004     (.common:rtb_x_h_idx)
                  20000df0    00000004     (.common:rtb_x_h_idx_0)
                  20000df4    00000004     (.common:tmp_4)
                  20000df8    00000004     (.common:tmp_5)
                  20000dfc    00000001     (.common:eml_firstNonZero)

.data      0    20000e00    0000048c     UNINITIALIZED
                  20000e00    00000180     Kalman_Sim_data.obj (.data:Kalman_Sim_P)
                  20000f80    000000b0     rtsv7M4_T_le_v4SPD16_eabi.lib : signal.obj (.data:sigtable)
                  20001030    00000090     Kalman_Sim.obj (.data:tmp_8)
                  200010c0    00000080     rtsv7M4_T_le_v4SPD16_eabi.lib : xvalues.obj (.data)
                  20001140    00000040     My_Init.obj (.data)
                  20001180    00000040     My_Init.obj (.data:sen_offset)
                  200011c0    0000003c     My_Init.obj (.data:sen_data)
                  200011fc    00000024     My_Init.obj (.data:SENSOR_SIGN)
                  20001220    00000024     Kalman_Sim.obj (.data:tmp_6)
                  20001244    00000024     Kalman_Sim.obj (.data:tmp_7)
                  20001268    00000008     rtsv7M4_T_le_v4SPD16_eabi.lib : _lock.obj (.data)
                  20001270    00000008                                   : exit.obj (.data)
                  20001278    00000008                                   : feraiseexcept.obj (.data)
                  20001280    00000004     Kalman_Sim.obj (.data)
                  20001284    00000004     rtsv7M4_T_le_v4SPD16_eabi.lib : errno.obj (.data)
                  20001288    00000004                                   : stkdepth_vars.obj (.data)

.stack     0    2000128c    00000200     UNINITIALIZED
                  2000128c    00000200     --HOLE--


LINKER GENERATED COPY TABLES

__TI_cinit_table @ 00008258 records: 2, size/record: 8, table size: 16
	.data: load addr=000080f8, load size=0000014a bytes, run addr=20000e00, run size=0000048c bytes, compression=rle
	.bss: load addr=00008250, load size=00000008 bytes, run addr=20000000, run size=00000dfd bytes, compression=zero_init


LINKER GENERATED HANDLER TABLE

__TI_handler_table @ 00008244 records: 3, size/record: 4, table size: 12
	index: 0, handler: __TI_decompress_rle24
	index: 1, handler: __TI_decompress_none
	index: 2, handler: __TI_zero_init


GLOBAL SYMBOLS: SORTED ALPHABETICALLY BY Name 

address    name
--------   ----
00007cbd   C$$EXIT
00005f4d   Calculate_Acc
000052eb   Calculate_Compass
000064ad   Calculate_Gyro
0000519f   Compass_Heading
000069fd   DMAIntHandler
000069d5   DMA_Re_Enable_0
000069ad   DMA_Re_Enable_1
00005d5f   Delay_ms
00005d23   Delay_s
00005a61   Display_Uart
00007e7d   GPIODirModeSet
00007679   GPIOPadConfigSet
00007b5d   GPIOPinConfigure
00007f29   GPIOPinTypeI2CSCL
000055cd   I2C_Read_Packet_From_Sensor
0000553d   I2C_read_byte
000056ef   I2C_write
000053e5   Init_Accelerometer
0000546b   Init_Compass
000068fd   Init_DMA
00007c35   Init_FPU
0000541f   Init_Gyro
000054a5   Init_I2C
00007c51   Init_MCU
0000575d   Init_Sensors
00005bd5   Init_Timer
00005795   Init_UART
20001170   K
20000400   Kalman_Sim_DWork
20001280   Kalman_Sim_M
20000cc4   Kalman_Sim_M_
20000e00   Kalman_Sim_P
000046ad   Kalman_Sim_initialize
00001675   Kalman_Sim_step
00004771   Kalman_Sim_terminate
00007c61   My_Init
20000ce0   Out1
20000d50   Out2
20001150   Pitch_Acc
00005e01   Read_Accelerometer
00005035   Read_Compass
00006365   Read_Gyro
00007f5b   ResetISR
2000114c   Roll_Acc
200011fc   SENSOR_SIGN
UNDEFED    SHT$$INIT_ARRAY$$Base
UNDEFED    SHT$$INIT_ARRAY$$Limit
20001155   Size_Send_DMA_0
20001154   Size_Send_DMA_1
00007f67   SysCtlDelay
00005b25   Timer0IntHandler
00005b99   Timer1IntHandler
00005c7f   Timer_CyRun
20001156   Timer_interrupt_flag
20001157   Timer_interrupt_flag_2
20001158   Timer_interrupt_flag_3
20001159   Timer_interrupt_flag_4
000058f7   UART0IntHandler
00005919   UART1IntHandler
0000593b   UARTSend
20000b40   Uart_Array
20000a64   Uart_Send
2000115a   Uart_Send_0
00006771   _Atan
200010c0   _Denorm
000075b5   _Dnorm
000072d9   _Dscale
00007d01   _Dtest
00007a51   _Dunscale
200010d0   _Eps
20001284   _Errno
20001278   _Fenv
00007df1   _Feraise
200010e0   _Hugeval
200010f0   _Inf
20001100   _Nan
20001120   _Rteps
000060bd   _Sin
20001110   _Snan
2000127c   _Tls_setup__Fenv
20001130   _Xbig
20001138   _Zero
2000148c   __STACK_END
00000200   __STACK_SIZE
2000148c   __STACK_TOP
00008258   __TI_CINIT_Base
00008268   __TI_CINIT_Limit
00008244   __TI_Handler_Table_Base
00008250   __TI_Handler_Table_Limit
00000001   __TI_args_main
000077cd   __TI_auto_init
20001270   __TI_cleanup_ptr
00007f4d   __TI_decompress_none
00007f6d   __TI_decompress_rle24
20001274   __TI_dtors_ptr
00000000   __TI_static_base__
00007f3b   __TI_zero_init
00007861   __aeabi_cdcmpeq
00007861   __aeabi_cdcmple
000078e7   __aeabi_cdrcmple
00007b13   __aeabi_d2f
00007bed   __aeabi_d2iz
000065c3   __aeabi_dadd
00006d29   __aeabi_ddiv
000073e9   __aeabi_dmul
000065b9   __aeabi_dsub
00007d85   __aeabi_f2d
00007e21   __aeabi_i2d
0000796d   __aeabi_memclr
0000796d   __aeabi_memclr4
0000796d   __aeabi_memclr8
00007731   __aeabi_memcpy
00007731   __aeabi_memcpy4
00007731   __aeabi_memcpy8
0000796f   __aeabi_memset
0000796f   __aeabi_memset4
0000796f   __aeabi_memset8
00007ea7   __aeabi_ui2d
ffffffff   __binit__
ffffffff   __c_args__
2000128c   __stack
00007efd   _args_main
00007ba5   _c_int00
20001268   _lock
00007f23   _nop
00007f1b   _register_lock
00007f15   _register_unlock
2000126c   _unlock
00007cc1   abort
00006f91   asin
000070ad   atan2
ffffffff   binit
00007c79   copy_in
00007ec7   cos
00005969   dec2char
20000d4c   eml_C
20000b98   eml_C_0
20000bbc   eml_I
20000be0   eml_I_0
20000554   eml_Kk
200005e4   eml_P
20000674   eml_P_0
20000704   eml_Phik
20000794   eml_Phik_0
20000d58   eml_Xh
20000cec   eml_b_I
20000ab0   eml_b_d
20000d88   eml_b_k
20000824   eml_b_x
20000cf8   eml_c_I
20000d8c   eml_c_x
20000d90   eml_cos_phi
20000d94   eml_cos_theta
20000af8   eml_d
20000dfc   eml_firstNonZero
20000d98   eml_i
20000d60   eml_ipiv
20000d9c   eml_j
20000da0   eml_jA
20000da4   eml_jBcol
20000da8   eml_jp1j
20000dac   eml_k
20000db0   eml_kAcol
20000db4   eml_loop_ub
20000db8   eml_mmj
20000d68   eml_p
20000dbc   eml_scale
20000dc0   eml_sin_phi
20000dc4   eml_smax
20000dc8   eml_t
20000c4c   eml_x
20000c64   eml_x_0
20000dcc   eml_xk
20000dd0   eml_y
00007cc9   exit
20000d04   facc
00007dbd   feraiseexcept
20000d10   fgyro
20001144   flag
20000d1c   fmag
00006a75   fmod
00000000   g_pfnVectors
20001148   i
000047dd   main
20001288   main_func_sp
00007731   memcpy
00007975   memset
20000d28   offset
00007e4f   raise
000074e5   rtGetInf
00007531   rtGetInfF
00007543   rtGetMinusInf
0000758f   rtGetMinusInfF
000079e5   rtGetNaN
00007a31   rtGetNaNF
20000d70   rtInf
20000dd4   rtInfF
00007213   rtIsInf
00007241   rtIsInfF
0000727b   rtIsNaN
0000729b   rtIsNaNF
20000d78   rtMinusInf
20000dd8   rtMinusInfF
20000d80   rtNaN
20000ddc   rtNaNF
000071c5   rt_InitInfAndNaN
00006e61   rt_atan232_snf
20000de0   rtb_Gain1_idx
20000de4   rtb_Gain1_idx_0
20000c7c   rtb_TmpSignalConversionAtSFun_0
20000c94   rtb_TmpSignalConversionAtSFunct
20000de8   rtb_theta
20000d34   rtb_x_0
20000cac   rtb_x_h
20000d40   rtb_x_h_0
20000dec   rtb_x_h_idx
20000df0   rtb_x_h_idx_0
20000b70   rx_temp_buffer
200011c0   sen_data
20001180   sen_offset
00007d45   signal
00007ee1   sin
00006be1   sqrt
20001174   temp
20001175   temp2
20001176   temp3
20001177   temp4
20001178   temp5
20001179   temp6
2000116c   theta
2000117c   time
20000cc8   time_1
200008b4   tmp
20000944   tmp_0
20000c04   tmp_1
20000c28   tmp_2
200009d4   tmp_3
20000df4   tmp_4
20000df8   tmp_5
00006a2b   uDMAErrorHandler
20000000   ucControlTable
20001160   v
20001140   z_scale


GLOBAL SYMBOLS: SORTED BY Symbol Address 

address    name
--------   ----
00000000   __TI_static_base__
00000000   g_pfnVectors
00000001   __TI_args_main
00000200   __STACK_SIZE
00001675   Kalman_Sim_step
000046ad   Kalman_Sim_initialize
00004771   Kalman_Sim_terminate
000047dd   main
00005035   Read_Compass
0000519f   Compass_Heading
000052eb   Calculate_Compass
000053e5   Init_Accelerometer
0000541f   Init_Gyro
0000546b   Init_Compass
000054a5   Init_I2C
0000553d   I2C_read_byte
000055cd   I2C_Read_Packet_From_Sensor
000056ef   I2C_write
0000575d   Init_Sensors
00005795   Init_UART
000058f7   UART0IntHandler
00005919   UART1IntHandler
0000593b   UARTSend
00005969   dec2char
00005a61   Display_Uart
00005b25   Timer0IntHandler
00005b99   Timer1IntHandler
00005bd5   Init_Timer
00005c7f   Timer_CyRun
00005d23   Delay_s
00005d5f   Delay_ms
00005e01   Read_Accelerometer
00005f4d   Calculate_Acc
000060bd   _Sin
00006365   Read_Gyro
000064ad   Calculate_Gyro
000065b9   __aeabi_dsub
000065c3   __aeabi_dadd
00006771   _Atan
000068fd   Init_DMA
000069ad   DMA_Re_Enable_1
000069d5   DMA_Re_Enable_0
000069fd   DMAIntHandler
00006a2b   uDMAErrorHandler
00006a75   fmod
00006be1   sqrt
00006d29   __aeabi_ddiv
00006e61   rt_atan232_snf
00006f91   asin
000070ad   atan2
000071c5   rt_InitInfAndNaN
00007213   rtIsInf
00007241   rtIsInfF
0000727b   rtIsNaN
0000729b   rtIsNaNF
000072d9   _Dscale
000073e9   __aeabi_dmul
000074e5   rtGetInf
00007531   rtGetInfF
00007543   rtGetMinusInf
0000758f   rtGetMinusInfF
000075b5   _Dnorm
00007679   GPIOPadConfigSet
00007731   __aeabi_memcpy
00007731   __aeabi_memcpy4
00007731   __aeabi_memcpy8
00007731   memcpy
000077cd   __TI_auto_init
00007861   __aeabi_cdcmpeq
00007861   __aeabi_cdcmple
000078e7   __aeabi_cdrcmple
0000796d   __aeabi_memclr
0000796d   __aeabi_memclr4
0000796d   __aeabi_memclr8
0000796f   __aeabi_memset
0000796f   __aeabi_memset4
0000796f   __aeabi_memset8
00007975   memset
000079e5   rtGetNaN
00007a31   rtGetNaNF
00007a51   _Dunscale
00007b13   __aeabi_d2f
00007b5d   GPIOPinConfigure
00007ba5   _c_int00
00007bed   __aeabi_d2iz
00007c35   Init_FPU
00007c51   Init_MCU
00007c61   My_Init
00007c79   copy_in
00007cbd   C$$EXIT
00007cc1   abort
00007cc9   exit
00007d01   _Dtest
00007d45   signal
00007d85   __aeabi_f2d
00007dbd   feraiseexcept
00007df1   _Feraise
00007e21   __aeabi_i2d
00007e4f   raise
00007e7d   GPIODirModeSet
00007ea7   __aeabi_ui2d
00007ec7   cos
00007ee1   sin
00007efd   _args_main
00007f15   _register_unlock
00007f1b   _register_lock
00007f23   _nop
00007f29   GPIOPinTypeI2CSCL
00007f3b   __TI_zero_init
00007f4d   __TI_decompress_none
00007f5b   ResetISR
00007f67   SysCtlDelay
00007f6d   __TI_decompress_rle24
00008244   __TI_Handler_Table_Base
00008250   __TI_Handler_Table_Limit
00008258   __TI_CINIT_Base
00008268   __TI_CINIT_Limit
20000000   ucControlTable
20000400   Kalman_Sim_DWork
20000554   eml_Kk
200005e4   eml_P
20000674   eml_P_0
20000704   eml_Phik
20000794   eml_Phik_0
20000824   eml_b_x
200008b4   tmp
20000944   tmp_0
200009d4   tmp_3
20000a64   Uart_Send
20000ab0   eml_b_d
20000af8   eml_d
20000b40   Uart_Array
20000b70   rx_temp_buffer
20000b98   eml_C_0
20000bbc   eml_I
20000be0   eml_I_0
20000c04   tmp_1
20000c28   tmp_2
20000c4c   eml_x
20000c64   eml_x_0
20000c7c   rtb_TmpSignalConversionAtSFun_0
20000c94   rtb_TmpSignalConversionAtSFunct
20000cac   rtb_x_h
20000cc4   Kalman_Sim_M_
20000cc8   time_1
20000ce0   Out1
20000cec   eml_b_I
20000cf8   eml_c_I
20000d04   facc
20000d10   fgyro
20000d1c   fmag
20000d28   offset
20000d34   rtb_x_0
20000d40   rtb_x_h_0
20000d4c   eml_C
20000d50   Out2
20000d58   eml_Xh
20000d60   eml_ipiv
20000d68   eml_p
20000d70   rtInf
20000d78   rtMinusInf
20000d80   rtNaN
20000d88   eml_b_k
20000d8c   eml_c_x
20000d90   eml_cos_phi
20000d94   eml_cos_theta
20000d98   eml_i
20000d9c   eml_j
20000da0   eml_jA
20000da4   eml_jBcol
20000da8   eml_jp1j
20000dac   eml_k
20000db0   eml_kAcol
20000db4   eml_loop_ub
20000db8   eml_mmj
20000dbc   eml_scale
20000dc0   eml_sin_phi
20000dc4   eml_smax
20000dc8   eml_t
20000dcc   eml_xk
20000dd0   eml_y
20000dd4   rtInfF
20000dd8   rtMinusInfF
20000ddc   rtNaNF
20000de0   rtb_Gain1_idx
20000de4   rtb_Gain1_idx_0
20000de8   rtb_theta
20000dec   rtb_x_h_idx
20000df0   rtb_x_h_idx_0
20000df4   tmp_4
20000df8   tmp_5
20000dfc   eml_firstNonZero
20000e00   Kalman_Sim_P
200010c0   _Denorm
200010d0   _Eps
200010e0   _Hugeval
200010f0   _Inf
20001100   _Nan
20001110   _Snan
20001120   _Rteps
20001130   _Xbig
20001138   _Zero
20001140   z_scale
20001144   flag
20001148   i
2000114c   Roll_Acc
20001150   Pitch_Acc
20001154   Size_Send_DMA_1
20001155   Size_Send_DMA_0
20001156   Timer_interrupt_flag
20001157   Timer_interrupt_flag_2
20001158   Timer_interrupt_flag_3
20001159   Timer_interrupt_flag_4
2000115a   Uart_Send_0
20001160   v
2000116c   theta
20001170   K
20001174   temp
20001175   temp2
20001176   temp3
20001177   temp4
20001178   temp5
20001179   temp6
2000117c   time
20001180   sen_offset
200011c0   sen_data
200011fc   SENSOR_SIGN
20001268   _lock
2000126c   _unlock
20001270   __TI_cleanup_ptr
20001274   __TI_dtors_ptr
20001278   _Fenv
2000127c   _Tls_setup__Fenv
20001280   Kalman_Sim_M
20001284   _Errno
20001288   main_func_sp
2000128c   __stack
2000148c   __STACK_END
2000148c   __STACK_TOP
ffffffff   __binit__
ffffffff   __c_args__
ffffffff   binit
UNDEFED    SHT$$INIT_ARRAY$$Base
UNDEFED    SHT$$INIT_ARRAY$$Limit

[244 symbols]
