<?xml version="1.0"?>
<link_info>
   <banner>TI ARM Linker PC v5.1.5</banner>
   <copyright>Copyright (c) 1996-2014 Texas Instruments Incorporated</copyright>
   <link_time>0x53c25a93</link_time>
   <link_errors>0x0</link_errors>
   <output_file>IMU_ROV.out</output_file>
   <entry_point>
      <name>_c_int00</name>
      <address>0x7ba5</address>
   </entry_point>
   <input_file_list>
      <input_file id="fl-2">
         <path>.\Matlab\</path>
         <kind>object</kind>
         <file>rt_nonfinite.obj</file>
         <name>rt_nonfinite.obj</name>
      </input_file>
      <input_file id="fl-3">
         <path>.\Matlab\</path>
         <kind>object</kind>
         <file>rt_atan232_snf.obj</file>
         <name>rt_atan232_snf.obj</name>
      </input_file>
      <input_file id="fl-4">
         <path>.\Matlab\</path>
         <kind>object</kind>
         <file>rtGetNaN.obj</file>
         <name>rtGetNaN.obj</name>
      </input_file>
      <input_file id="fl-5">
         <path>.\Matlab\</path>
         <kind>object</kind>
         <file>rtGetInf.obj</file>
         <name>rtGetInf.obj</name>
      </input_file>
      <input_file id="fl-6">
         <path>.\Matlab\</path>
         <kind>object</kind>
         <file>Kalman_Sim_data.obj</file>
         <name>Kalman_Sim_data.obj</name>
      </input_file>
      <input_file id="fl-7">
         <path>.\Matlab\</path>
         <kind>object</kind>
         <file>Kalman_Sim.obj</file>
         <name>Kalman_Sim.obj</name>
      </input_file>
      <input_file id="fl-8">
         <path>.\Source\</path>
         <kind>object</kind>
         <file>My_UART.obj</file>
         <name>My_UART.obj</name>
      </input_file>
      <input_file id="fl-9">
         <path>.\Source\</path>
         <kind>object</kind>
         <file>My_Timer.obj</file>
         <name>My_Timer.obj</name>
      </input_file>
      <input_file id="fl-a">
         <path>.\Source\</path>
         <kind>object</kind>
         <file>My_Init.obj</file>
         <name>My_Init.obj</name>
      </input_file>
      <input_file id="fl-b">
         <path>.\Source\</path>
         <kind>object</kind>
         <file>My_I2C.obj</file>
         <name>My_I2C.obj</name>
      </input_file>
      <input_file id="fl-c">
         <path>.\Source\</path>
         <kind>object</kind>
         <file>My_DMA.obj</file>
         <name>My_DMA.obj</name>
      </input_file>
      <input_file id="fl-d">
         <path>.\Source\</path>
         <kind>object</kind>
         <file>Magneto.obj</file>
         <name>Magneto.obj</name>
      </input_file>
      <input_file id="fl-e">
         <path>.\Source\</path>
         <kind>object</kind>
         <file>Gyro.obj</file>
         <name>Gyro.obj</name>
      </input_file>
      <input_file id="fl-f">
         <path>.\Source\</path>
         <kind>object</kind>
         <file>Accelerometer.obj</file>
         <name>Accelerometer.obj</name>
      </input_file>
      <input_file id="fl-10">
         <path>.\</path>
         <kind>object</kind>
         <file>uartstdio.obj</file>
         <name>uartstdio.obj</name>
      </input_file>
      <input_file id="fl-11">
         <path>.\</path>
         <kind>object</kind>
         <file>main.obj</file>
         <name>main.obj</name>
      </input_file>
      <input_file id="fl-12">
         <path>.\</path>
         <kind>object</kind>
         <file>lm4f120h5qr_startup_ccs.obj</file>
         <name>lm4f120h5qr_startup_ccs.obj</name>
      </input_file>
      <input_file id="fl-140">
         <path>E:\Install\ti\ccsv6\tools\compiler\arm_5.1.5\lib\</path>
         <kind>archive</kind>
         <file>rtsv7M4_T_le_v4SPD16_eabi.lib</file>
         <name>asin.obj</name>
      </input_file>
      <input_file id="fl-141">
         <path>E:\Install\ti\ccsv6\tools\compiler\arm_5.1.5\lib\</path>
         <kind>archive</kind>
         <file>rtsv7M4_T_le_v4SPD16_eabi.lib</file>
         <name>atan2.obj</name>
      </input_file>
      <input_file id="fl-142">
         <path>E:\Install\ti\ccsv6\tools\compiler\arm_5.1.5\lib\</path>
         <kind>archive</kind>
         <file>rtsv7M4_T_le_v4SPD16_eabi.lib</file>
         <name>boot.obj</name>
      </input_file>
      <input_file id="fl-143">
         <path>E:\Install\ti\ccsv6\tools\compiler\arm_5.1.5\lib\</path>
         <kind>archive</kind>
         <file>rtsv7M4_T_le_v4SPD16_eabi.lib</file>
         <name>copy_decompress_none.obj</name>
      </input_file>
      <input_file id="fl-144">
         <path>E:\Install\ti\ccsv6\tools\compiler\arm_5.1.5\lib\</path>
         <kind>archive</kind>
         <file>rtsv7M4_T_le_v4SPD16_eabi.lib</file>
         <name>copy_decompress_rle.obj</name>
      </input_file>
      <input_file id="fl-145">
         <path>E:\Install\ti\ccsv6\tools\compiler\arm_5.1.5\lib\</path>
         <kind>archive</kind>
         <file>rtsv7M4_T_le_v4SPD16_eabi.lib</file>
         <name>copy_zero_init.obj</name>
      </input_file>
      <input_file id="fl-146">
         <path>E:\Install\ti\ccsv6\tools\compiler\arm_5.1.5\lib\</path>
         <kind>archive</kind>
         <file>rtsv7M4_T_le_v4SPD16_eabi.lib</file>
         <name>cos.obj</name>
      </input_file>
      <input_file id="fl-147">
         <path>E:\Install\ti\ccsv6\tools\compiler\arm_5.1.5\lib\</path>
         <kind>archive</kind>
         <file>rtsv7M4_T_le_v4SPD16_eabi.lib</file>
         <name>exit.obj</name>
      </input_file>
      <input_file id="fl-148">
         <path>E:\Install\ti\ccsv6\tools\compiler\arm_5.1.5\lib\</path>
         <kind>archive</kind>
         <file>rtsv7M4_T_le_v4SPD16_eabi.lib</file>
         <name>fd_add_t2.obj</name>
      </input_file>
      <input_file id="fl-149">
         <path>E:\Install\ti\ccsv6\tools\compiler\arm_5.1.5\lib\</path>
         <kind>archive</kind>
         <file>rtsv7M4_T_le_v4SPD16_eabi.lib</file>
         <name>fd_cmp_t2.obj</name>
      </input_file>
      <input_file id="fl-14a">
         <path>E:\Install\ti\ccsv6\tools\compiler\arm_5.1.5\lib\</path>
         <kind>archive</kind>
         <file>rtsv7M4_T_le_v4SPD16_eabi.lib</file>
         <name>fd_div_t2.obj</name>
      </input_file>
      <input_file id="fl-14b">
         <path>E:\Install\ti\ccsv6\tools\compiler\arm_5.1.5\lib\</path>
         <kind>archive</kind>
         <file>rtsv7M4_T_le_v4SPD16_eabi.lib</file>
         <name>fd_mul_t2.obj</name>
      </input_file>
      <input_file id="fl-14c">
         <path>E:\Install\ti\ccsv6\tools\compiler\arm_5.1.5\lib\</path>
         <kind>archive</kind>
         <file>rtsv7M4_T_le_v4SPD16_eabi.lib</file>
         <name>fd_toi_t2.obj</name>
      </input_file>
      <input_file id="fl-14d">
         <path>E:\Install\ti\ccsv6\tools\compiler\arm_5.1.5\lib\</path>
         <kind>archive</kind>
         <file>rtsv7M4_T_le_v4SPD16_eabi.lib</file>
         <name>fd_tos_t2.obj</name>
      </input_file>
      <input_file id="fl-14e">
         <path>E:\Install\ti\ccsv6\tools\compiler\arm_5.1.5\lib\</path>
         <kind>archive</kind>
         <file>rtsv7M4_T_le_v4SPD16_eabi.lib</file>
         <name>fs_tod_t2.obj</name>
      </input_file>
      <input_file id="fl-14f">
         <path>E:\Install\ti\ccsv6\tools\compiler\arm_5.1.5\lib\</path>
         <kind>archive</kind>
         <file>rtsv7M4_T_le_v4SPD16_eabi.lib</file>
         <name>i_tofd_t2.obj</name>
      </input_file>
      <input_file id="fl-150">
         <path>E:\Install\ti\ccsv6\tools\compiler\arm_5.1.5\lib\</path>
         <kind>archive</kind>
         <file>rtsv7M4_T_le_v4SPD16_eabi.lib</file>
         <name>memcpy_t2.obj</name>
      </input_file>
      <input_file id="fl-151">
         <path>E:\Install\ti\ccsv6\tools\compiler\arm_5.1.5\lib\</path>
         <kind>archive</kind>
         <file>rtsv7M4_T_le_v4SPD16_eabi.lib</file>
         <name>memset_t2.obj</name>
      </input_file>
      <input_file id="fl-152">
         <path>E:\Install\ti\ccsv6\tools\compiler\arm_5.1.5\lib\</path>
         <kind>archive</kind>
         <file>rtsv7M4_T_le_v4SPD16_eabi.lib</file>
         <name>sin.obj</name>
      </input_file>
      <input_file id="fl-153">
         <path>E:\Install\ti\ccsv6\tools\compiler\arm_5.1.5\lib\</path>
         <kind>archive</kind>
         <file>rtsv7M4_T_le_v4SPD16_eabi.lib</file>
         <name>sqrt.obj</name>
      </input_file>
      <input_file id="fl-154">
         <path>E:\Install\ti\ccsv6\tools\compiler\arm_5.1.5\lib\</path>
         <kind>archive</kind>
         <file>rtsv7M4_T_le_v4SPD16_eabi.lib</file>
         <name>stkdepth_vars.obj</name>
      </input_file>
      <input_file id="fl-155">
         <path>E:\Install\ti\ccsv6\tools\compiler\arm_5.1.5\lib\</path>
         <kind>archive</kind>
         <file>rtsv7M4_T_le_v4SPD16_eabi.lib</file>
         <name>u_divt2.obj</name>
      </input_file>
      <input_file id="fl-156">
         <path>E:\Install\ti\ccsv6\tools\compiler\arm_5.1.5\lib\</path>
         <kind>archive</kind>
         <file>rtsv7M4_T_le_v4SPD16_eabi.lib</file>
         <name>u_tofd_t2.obj</name>
      </input_file>
      <input_file id="fl-157">
         <path>E:\Install\ti\ccsv6\tools\compiler\arm_5.1.5\lib\</path>
         <kind>archive</kind>
         <file>rtsv7M4_T_le_v4SPD16_eabi.lib</file>
         <name>xatan.obj</name>
      </input_file>
      <input_file id="fl-158">
         <path>E:\Install\ti\ccsv6\tools\compiler\arm_5.1.5\lib\</path>
         <kind>archive</kind>
         <file>rtsv7M4_T_le_v4SPD16_eabi.lib</file>
         <name>xdscale.obj</name>
      </input_file>
      <input_file id="fl-159">
         <path>E:\Install\ti\ccsv6\tools\compiler\arm_5.1.5\lib\</path>
         <kind>archive</kind>
         <file>rtsv7M4_T_le_v4SPD16_eabi.lib</file>
         <name>xdtest.obj</name>
      </input_file>
      <input_file id="fl-15a">
         <path>E:\Install\ti\ccsv6\tools\compiler\arm_5.1.5\lib\</path>
         <kind>archive</kind>
         <file>rtsv7M4_T_le_v4SPD16_eabi.lib</file>
         <name>xdunscal.obj</name>
      </input_file>
      <input_file id="fl-15b">
         <path>E:\Install\ti\ccsv6\tools\compiler\arm_5.1.5\lib\</path>
         <kind>archive</kind>
         <file>rtsv7M4_T_le_v4SPD16_eabi.lib</file>
         <name>xferaise.obj</name>
      </input_file>
      <input_file id="fl-15c">
         <path>E:\Install\ti\ccsv6\tools\compiler\arm_5.1.5\lib\</path>
         <kind>archive</kind>
         <file>rtsv7M4_T_le_v4SPD16_eabi.lib</file>
         <name>xsin.obj</name>
      </input_file>
      <input_file id="fl-15d">
         <path>E:\Install\ti\ccsv6\tools\compiler\arm_5.1.5\lib\</path>
         <kind>archive</kind>
         <file>rtsv7M4_T_le_v4SPD16_eabi.lib</file>
         <name>xvalues.obj</name>
      </input_file>
      <input_file id="fl-15e">
         <path>E:\Install\ti\ccsv6\tools\compiler\arm_5.1.5\lib\</path>
         <kind>archive</kind>
         <file>rtsv7M4_T_le_v4SPD16_eabi.lib</file>
         <name>_lock.obj</name>
      </input_file>
      <input_file id="fl-15f">
         <path>E:\Install\ti\ccsv6\tools\compiler\arm_5.1.5\lib\</path>
         <kind>archive</kind>
         <file>rtsv7M4_T_le_v4SPD16_eabi.lib</file>
         <name>args_main.obj</name>
      </input_file>
      <input_file id="fl-160">
         <path>E:\Install\ti\ccsv6\tools\compiler\arm_5.1.5\lib\</path>
         <kind>archive</kind>
         <file>rtsv7M4_T_le_v4SPD16_eabi.lib</file>
         <name>auto_init.obj</name>
      </input_file>
      <input_file id="fl-161">
         <path>E:\Install\ti\ccsv6\tools\compiler\arm_5.1.5\lib\</path>
         <kind>archive</kind>
         <file>rtsv7M4_T_le_v4SPD16_eabi.lib</file>
         <name>cpy_tbl.obj</name>
      </input_file>
      <input_file id="fl-162">
         <path>E:\Install\ti\ccsv6\tools\compiler\arm_5.1.5\lib\</path>
         <kind>archive</kind>
         <file>rtsv7M4_T_le_v4SPD16_eabi.lib</file>
         <name>errno.obj</name>
      </input_file>
      <input_file id="fl-163">
         <path>E:\Install\ti\ccsv6\tools\compiler\arm_5.1.5\lib\</path>
         <kind>archive</kind>
         <file>rtsv7M4_T_le_v4SPD16_eabi.lib</file>
         <name>feraiseexcept.obj</name>
      </input_file>
      <input_file id="fl-164">
         <path>E:\Install\ti\ccsv6\tools\compiler\arm_5.1.5\lib\</path>
         <kind>archive</kind>
         <file>rtsv7M4_T_le_v4SPD16_eabi.lib</file>
         <name>fmod.obj</name>
      </input_file>
      <input_file id="fl-165">
         <path>E:\Install\ti\ccsv6\tools\compiler\arm_5.1.5\lib\</path>
         <kind>archive</kind>
         <file>rtsv7M4_T_le_v4SPD16_eabi.lib</file>
         <name>raise.obj</name>
      </input_file>
      <input_file id="fl-166">
         <path>E:\Install\ti\ccsv6\tools\compiler\arm_5.1.5\lib\</path>
         <kind>archive</kind>
         <file>rtsv7M4_T_le_v4SPD16_eabi.lib</file>
         <name>signal.obj</name>
      </input_file>
      <input_file id="fl-167">
         <path>E:\Install\ti\ccsv6\tools\compiler\arm_5.1.5\lib\</path>
         <kind>archive</kind>
         <file>rtsv7M4_T_le_v4SPD16_eabi.lib</file>
         <name>xdnorm.obj</name>
      </input_file>
      <input_file id="fl-168">
         <path>C:\ti\TivaWare_C_Series-1.0\driverlib\ccs\Debug\</path>
         <kind>archive</kind>
         <file>driverlib.lib</file>
         <name>sysctl.obj</name>
      </input_file>
      <input_file id="fl-169">
         <path>C:\ti\TivaWare_C_Series-1.0\driverlib\ccs\Debug\</path>
         <kind>archive</kind>
         <file>driverlib.lib</file>
         <name>interrupt.obj</name>
      </input_file>
      <input_file id="fl-16a">
         <path>C:\ti\TivaWare_C_Series-1.0\driverlib\ccs\Debug\</path>
         <kind>archive</kind>
         <file>driverlib.lib</file>
         <name>gpio.obj</name>
      </input_file>
      <input_file id="fl-16b">
         <path>C:\ti\TivaWare_C_Series-1.0\driverlib\ccs\Debug\</path>
         <kind>archive</kind>
         <file>driverlib.lib</file>
         <name>cpu.obj</name>
      </input_file>
   </input_file_list>
   <object_component_list>
      <object_component id="oc-e">
         <name>.intvecs</name>
         <load_address>0x0</load_address>
         <run_address>0x0</run_address>
         <size>0x26c</size>
         <input_file_ref idref="fl-12"/>
      </object_component>
      <object_component id="oc-109">
         <name>.text</name>
         <load_address>0x26c</load_address>
         <run_address>0x26c</run_address>
         <size>0x4570</size>
         <input_file_ref idref="fl-7"/>
      </object_component>
      <object_component id="oc-a6">
         <name>.text</name>
         <load_address>0x47dc</load_address>
         <run_address>0x47dc</run_address>
         <size>0x858</size>
         <input_file_ref idref="fl-11"/>
      </object_component>
      <object_component id="oc-113">
         <name>.text</name>
         <load_address>0x5034</load_address>
         <run_address>0x5034</run_address>
         <size>0x3b0</size>
         <input_file_ref idref="fl-d"/>
      </object_component>
      <object_component id="oc-104">
         <name>.text</name>
         <load_address>0x53e4</load_address>
         <run_address>0x53e4</run_address>
         <size>0x3b0</size>
         <input_file_ref idref="fl-b"/>
      </object_component>
      <object_component id="oc-29">
         <name>.text</name>
         <load_address>0x5794</load_address>
         <run_address>0x5794</run_address>
         <size>0x390</size>
         <input_file_ref idref="fl-8"/>
      </object_component>
      <object_component id="oc-2e">
         <name>.text</name>
         <load_address>0x5b24</load_address>
         <run_address>0x5b24</run_address>
         <size>0x2dc</size>
         <input_file_ref idref="fl-9"/>
      </object_component>
      <object_component id="oc-10e">
         <name>.text</name>
         <load_address>0x5e00</load_address>
         <run_address>0x5e00</run_address>
         <size>0x2bc</size>
         <input_file_ref idref="fl-f"/>
      </object_component>
      <object_component id="oc-2f2">
         <name>.text</name>
         <load_address>0x60bc</load_address>
         <run_address>0x60bc</run_address>
         <size>0x2a8</size>
         <input_file_ref idref="fl-15c"/>
      </object_component>
      <object_component id="oc-118">
         <name>.text</name>
         <load_address>0x6364</load_address>
         <run_address>0x6364</run_address>
         <size>0x254</size>
         <input_file_ref idref="fl-e"/>
      </object_component>
      <object_component id="oc-136">
         <name>.text</name>
         <load_address>0x65b8</load_address>
         <run_address>0x65b8</run_address>
         <size>0x1b6</size>
         <input_file_ref idref="fl-148"/>
      </object_component>
      <object_component id="oc-2eb">
         <name>.text</name>
         <load_address>0x6770</load_address>
         <run_address>0x6770</run_address>
         <size>0x18c</size>
         <input_file_ref idref="fl-157"/>
      </object_component>
      <object_component id="oc-33">
         <name>.text</name>
         <load_address>0x68fc</load_address>
         <run_address>0x68fc</run_address>
         <size>0x178</size>
         <input_file_ref idref="fl-c"/>
      </object_component>
      <object_component id="oc-347">
         <name>.text</name>
         <load_address>0x6a74</load_address>
         <run_address>0x6a74</run_address>
         <size>0x16c</size>
         <input_file_ref idref="fl-164"/>
      </object_component>
      <object_component id="oc-189">
         <name>.text</name>
         <load_address>0x6be0</load_address>
         <run_address>0x6be0</run_address>
         <size>0x148</size>
         <input_file_ref idref="fl-153"/>
      </object_component>
      <object_component id="oc-2b6">
         <name>.text</name>
         <load_address>0x6d28</load_address>
         <run_address>0x6d28</run_address>
         <size>0x136</size>
         <input_file_ref idref="fl-14a"/>
      </object_component>
      <object_component id="oc-24a">
         <name>.text</name>
         <load_address>0x6e60</load_address>
         <run_address>0x6e60</run_address>
         <size>0x130</size>
         <input_file_ref idref="fl-3"/>
      </object_component>
      <object_component id="oc-202">
         <name>.text</name>
         <load_address>0x6f90</load_address>
         <run_address>0x6f90</run_address>
         <size>0x11c</size>
         <input_file_ref idref="fl-140"/>
      </object_component>
      <object_component id="oc-285">
         <name>.text</name>
         <load_address>0x70ac</load_address>
         <run_address>0x70ac</run_address>
         <size>0x118</size>
         <input_file_ref idref="fl-141"/>
      </object_component>
      <object_component id="oc-26f">
         <name>.text</name>
         <load_address>0x71c4</load_address>
         <run_address>0x71c4</run_address>
         <size>0x114</size>
         <input_file_ref idref="fl-2"/>
      </object_component>
      <object_component id="oc-2ba">
         <name>.text</name>
         <load_address>0x72d8</load_address>
         <run_address>0x72d8</run_address>
         <size>0x110</size>
         <input_file_ref idref="fl-158"/>
      </object_component>
      <object_component id="oc-83">
         <name>.text</name>
         <load_address>0x73e8</load_address>
         <run_address>0x73e8</run_address>
         <size>0xfc</size>
         <input_file_ref idref="fl-14b"/>
      </object_component>
      <object_component id="oc-30b">
         <name>.text</name>
         <load_address>0x74e4</load_address>
         <run_address>0x74e4</run_address>
         <size>0xd0</size>
         <input_file_ref idref="fl-5"/>
      </object_component>
      <object_component id="oc-327">
         <name>.text</name>
         <load_address>0x75b4</load_address>
         <run_address>0x75b4</run_address>
         <size>0xc4</size>
         <input_file_ref idref="fl-167"/>
      </object_component>
      <object_component id="oc-2a6">
         <name>.text:GPIOPadConfigSet</name>
         <load_address>0x7678</load_address>
         <run_address>0x7678</run_address>
         <size>0xb8</size>
         <input_file_ref idref="fl-16a"/>
      </object_component>
      <object_component id="oc-4c">
         <name>.text</name>
         <load_address>0x7730</load_address>
         <run_address>0x7730</run_address>
         <size>0x9c</size>
         <input_file_ref idref="fl-150"/>
      </object_component>
      <object_component id="oc-3b">
         <name>.text</name>
         <load_address>0x77cc</load_address>
         <run_address>0x77cc</run_address>
         <size>0x94</size>
         <input_file_ref idref="fl-160"/>
      </object_component>
      <object_component id="oc-16f">
         <name>.text:__aeabi_cdcmple</name>
         <load_address>0x7860</load_address>
         <run_address>0x7860</run_address>
         <size>0x86</size>
         <input_file_ref idref="fl-149"/>
      </object_component>
      <object_component id="oc-1b4">
         <name>.text:__aeabi_cdrcmple</name>
         <load_address>0x78e6</load_address>
         <run_address>0x78e6</run_address>
         <size>0x86</size>
         <input_file_ref idref="fl-149"/>
      </object_component>
      <object_component id="oc-274">
         <name>.text</name>
         <load_address>0x796c</load_address>
         <run_address>0x796c</run_address>
         <size>0x78</size>
         <input_file_ref idref="fl-151"/>
      </object_component>
      <object_component id="oc-306">
         <name>.text</name>
         <load_address>0x79e4</load_address>
         <run_address>0x79e4</run_address>
         <size>0x6c</size>
         <input_file_ref idref="fl-4"/>
      </object_component>
      <object_component id="oc-2b1">
         <name>.text</name>
         <load_address>0x7a50</load_address>
         <run_address>0x7a50</run_address>
         <size>0x64</size>
         <input_file_ref idref="fl-15a"/>
      </object_component>
      <object_component id="oc-5e">
         <name>.text</name>
         <load_address>0x7ab4</load_address>
         <run_address>0x7ab4</run_address>
         <size>0x5e</size>
         <input_file_ref idref="fl-144"/>
      </object_component>
      <object_component id="oc-132">
         <name>.text</name>
         <load_address>0x7b12</load_address>
         <run_address>0x7b12</run_address>
         <size>0x4a</size>
         <input_file_ref idref="fl-14d"/>
      </object_component>
      <object_component id="oc-6b">
         <name>.text:GPIOPinConfigure</name>
         <load_address>0x7b5c</load_address>
         <run_address>0x7b5c</run_address>
         <size>0x48</size>
         <input_file_ref idref="fl-16a"/>
      </object_component>
      <object_component id="oc-10">
         <name>.text</name>
         <load_address>0x7ba4</load_address>
         <run_address>0x7ba4</run_address>
         <size>0x48</size>
         <input_file_ref idref="fl-142"/>
      </object_component>
      <object_component id="oc-7b">
         <name>.text</name>
         <load_address>0x7bec</load_address>
         <run_address>0x7bec</run_address>
         <size>0x48</size>
         <input_file_ref idref="fl-14c"/>
      </object_component>
      <object_component id="oc-ff">
         <name>.text</name>
         <load_address>0x7c34</load_address>
         <run_address>0x7c34</run_address>
         <size>0x44</size>
         <input_file_ref idref="fl-a"/>
      </object_component>
      <object_component id="oc-a0">
         <name>.text</name>
         <load_address>0x7c78</load_address>
         <run_address>0x7c78</run_address>
         <size>0x44</size>
         <input_file_ref idref="fl-161"/>
      </object_component>
      <object_component id="oc-44">
         <name>.text</name>
         <load_address>0x7cbc</load_address>
         <run_address>0x7cbc</run_address>
         <size>0x44</size>
         <input_file_ref idref="fl-147"/>
      </object_component>
      <object_component id="oc-2e6">
         <name>.text</name>
         <load_address>0x7d00</load_address>
         <run_address>0x7d00</run_address>
         <size>0x44</size>
         <input_file_ref idref="fl-159"/>
      </object_component>
      <object_component id="oc-37e">
         <name>.text</name>
         <load_address>0x7d44</load_address>
         <run_address>0x7d44</run_address>
         <size>0x40</size>
         <input_file_ref idref="fl-166"/>
      </object_component>
      <object_component id="oc-12e">
         <name>.text</name>
         <load_address>0x7d84</load_address>
         <run_address>0x7d84</run_address>
         <size>0x38</size>
         <input_file_ref idref="fl-14e"/>
      </object_component>
      <object_component id="oc-331">
         <name>.text</name>
         <load_address>0x7dbc</load_address>
         <run_address>0x7dbc</run_address>
         <size>0x34</size>
         <input_file_ref idref="fl-163"/>
      </object_component>
      <object_component id="oc-2bf">
         <name>.text</name>
         <load_address>0x7df0</load_address>
         <run_address>0x7df0</run_address>
         <size>0x30</size>
         <input_file_ref idref="fl-15b"/>
      </object_component>
      <object_component id="oc-253">
         <name>.text</name>
         <load_address>0x7e20</load_address>
         <run_address>0x7e20</run_address>
         <size>0x2e</size>
         <input_file_ref idref="fl-14f"/>
      </object_component>
      <object_component id="oc-367">
         <name>.text</name>
         <load_address>0x7e4e</load_address>
         <run_address>0x7e4e</run_address>
         <size>0x2e</size>
         <input_file_ref idref="fl-165"/>
      </object_component>
      <object_component id="oc-2a1">
         <name>.text:GPIODirModeSet</name>
         <load_address>0x7e7c</load_address>
         <run_address>0x7e7c</run_address>
         <size>0x2a</size>
         <input_file_ref idref="fl-16a"/>
      </object_component>
      <object_component id="oc-7f">
         <name>.text</name>
         <load_address>0x7ea6</load_address>
         <run_address>0x7ea6</run_address>
         <size>0x20</size>
         <input_file_ref idref="fl-156"/>
      </object_component>
      <object_component id="oc-207">
         <name>.text</name>
         <load_address>0x7ec6</load_address>
         <run_address>0x7ec6</run_address>
         <size>0x1a</size>
         <input_file_ref idref="fl-146"/>
      </object_component>
      <object_component id="oc-28f">
         <name>.text</name>
         <load_address>0x7ee0</load_address>
         <run_address>0x7ee0</run_address>
         <size>0x1a</size>
         <input_file_ref idref="fl-152"/>
      </object_component>
      <object_component id="oc-3f">
         <name>.text</name>
         <load_address>0x7efc</load_address>
         <run_address>0x7efc</run_address>
         <size>0x18</size>
         <input_file_ref idref="fl-15f"/>
      </object_component>
      <object_component id="oc-142">
         <name>.text</name>
         <load_address>0x7f14</load_address>
         <run_address>0x7f14</run_address>
         <size>0x14</size>
         <input_file_ref idref="fl-15e"/>
      </object_component>
      <object_component id="oc-168">
         <name>.text:GPIOPinTypeI2CSCL</name>
         <load_address>0x7f28</load_address>
         <run_address>0x7f28</run_address>
         <size>0x12</size>
         <input_file_ref idref="fl-16a"/>
      </object_component>
      <object_component id="oc-19">
         <name>.text:decompress:ZI</name>
         <load_address>0x7f3a</load_address>
         <run_address>0x7f3a</run_address>
         <size>0x12</size>
         <input_file_ref idref="fl-145"/>
      </object_component>
      <object_component id="oc-14">
         <name>.text:decompress:none</name>
         <load_address>0x7f4c</load_address>
         <run_address>0x7f4c</run_address>
         <size>0xe</size>
         <input_file_ref idref="fl-143"/>
      </object_component>
      <object_component id="oc-24">
         <name>.text</name>
         <load_address>0x7f5a</load_address>
         <run_address>0x7f5a</run_address>
         <size>0xc</size>
         <input_file_ref idref="fl-12"/>
      </object_component>
      <object_component id="oc-167">
         <name>.text:SysCtlDelay</name>
         <load_address>0x7f66</load_address>
         <run_address>0x7f66</run_address>
         <size>0x6</size>
         <input_file_ref idref="fl-168"/>
      </object_component>
      <object_component id="oc-1e">
         <name>.text:decompress:rle24</name>
         <load_address>0x7f6c</load_address>
         <run_address>0x7f6c</run_address>
         <size>0x6</size>
         <input_file_ref idref="fl-144"/>
      </object_component>
      <object_component id="oc-342">
         <name>.const</name>
         <load_address>0x7f78</load_address>
         <run_address>0x7f78</run_address>
         <size>0x88</size>
         <input_file_ref idref="fl-157"/>
      </object_component>
      <object_component id="oc-34c">
         <name>.const</name>
         <load_address>0x8000</load_address>
         <run_address>0x8000</run_address>
         <size>0x80</size>
         <input_file_ref idref="fl-15c"/>
      </object_component>
      <object_component id="oc-c7">
         <name>.const:g_pui32GPIOBaseAddrs</name>
         <load_address>0x8080</load_address>
         <run_address>0x8080</run_address>
         <size>0x78</size>
         <input_file_ref idref="fl-16a"/>
      </object_component>
      <object_component id="oc-3c2">
         <name>.cinit..data.load</name>
         <load_address>0x80f8</load_address>
         <run_address>0x80f8</run_address>
         <size>0x14a</size>
      </object_component>
      <object_component id="oc-3c0">
         <name>__TI_handler_table</name>
         <load_address>0x8244</load_address>
         <run_address>0x8244</run_address>
         <size>0xc</size>
      </object_component>
      <object_component id="oc-3c3">
         <name>.cinit..bss.load</name>
         <load_address>0x8250</load_address>
         <run_address>0x8250</run_address>
         <size>0x8</size>
      </object_component>
      <object_component id="oc-3c1">
         <name>__TI_cinit_table</name>
         <load_address>0x8258</load_address>
         <run_address>0x8258</run_address>
         <size>0x10</size>
      </object_component>
      <object_component id="oc-49">
         <name>.data</name>
         <load_address>0x20001288</load_address>
         <run_address>0x20001288</run_address>
         <size>0x4</size>
         <input_file_ref idref="fl-154"/>
      </object_component>
      <object_component id="oc-87">
         <name>.data</name>
         <load_address>0x20001140</load_address>
         <run_address>0x20001140</run_address>
         <size>0x40</size>
         <input_file_ref idref="fl-a"/>
      </object_component>
      <object_component id="oc-8b">
         <name>.data:sen_offset</name>
         <load_address>0x20001180</load_address>
         <run_address>0x20001180</run_address>
         <size>0x40</size>
         <input_file_ref idref="fl-a"/>
      </object_component>
      <object_component id="oc-ad">
         <name>.data</name>
         <load_address>0x20001268</load_address>
         <run_address>0x20001268</run_address>
         <size>0x8</size>
         <input_file_ref idref="fl-15e"/>
      </object_component>
      <object_component id="oc-af">
         <name>.data</name>
         <load_address>0x20001270</load_address>
         <run_address>0x20001270</run_address>
         <size>0x8</size>
         <input_file_ref idref="fl-147"/>
      </object_component>
      <object_component id="oc-11e">
         <name>.data:sen_data</name>
         <load_address>0x200011c0</load_address>
         <run_address>0x200011c0</run_address>
         <size>0x3c</size>
         <input_file_ref idref="fl-a"/>
      </object_component>
      <object_component id="oc-1ba">
         <name>.data:Kalman_Sim_P</name>
         <load_address>0x20000e00</load_address>
         <run_address>0x20000e00</run_address>
         <size>0x180</size>
         <input_file_ref idref="fl-6"/>
      </object_component>
      <object_component id="oc-1ea">
         <name>.data:tmp_6</name>
         <load_address>0x20001220</load_address>
         <run_address>0x20001220</run_address>
         <size>0x24</size>
         <input_file_ref idref="fl-7"/>
      </object_component>
      <object_component id="oc-1f0">
         <name>.data:tmp_7</name>
         <load_address>0x20001244</load_address>
         <run_address>0x20001244</run_address>
         <size>0x24</size>
         <input_file_ref idref="fl-7"/>
      </object_component>
      <object_component id="oc-235">
         <name>.data:tmp_8</name>
         <load_address>0x20001030</load_address>
         <run_address>0x20001030</run_address>
         <size>0x90</size>
         <input_file_ref idref="fl-7"/>
      </object_component>
      <object_component id="oc-27b">
         <name>.data</name>
         <load_address>0x20001280</load_address>
         <run_address>0x20001280</run_address>
         <size>0x4</size>
         <input_file_ref idref="fl-7"/>
      </object_component>
      <object_component id="oc-28c">
         <name>.data:SENSOR_SIGN</name>
         <load_address>0x200011fc</load_address>
         <run_address>0x200011fc</run_address>
         <size>0x24</size>
         <input_file_ref idref="fl-a"/>
      </object_component>
      <object_component id="oc-2c4">
         <name>.data</name>
         <load_address>0x200010c0</load_address>
         <run_address>0x200010c0</run_address>
         <size>0x80</size>
         <input_file_ref idref="fl-15d"/>
      </object_component>
      <object_component id="oc-336">
         <name>.data</name>
         <load_address>0x20001284</load_address>
         <run_address>0x20001284</run_address>
         <size>0x4</size>
         <input_file_ref idref="fl-162"/>
      </object_component>
      <object_component id="oc-36c">
         <name>.data</name>
         <load_address>0x20001278</load_address>
         <run_address>0x20001278</run_address>
         <size>0x8</size>
         <input_file_ref idref="fl-163"/>
      </object_component>
      <object_component id="oc-395">
         <name>.data:sigtable</name>
         <load_address>0x20000f80</load_address>
         <run_address>0x20000f80</run_address>
         <size>0xb0</size>
         <input_file_ref idref="fl-166"/>
      </object_component>
      <object_component id="oc-70">
         <name>.bss:Uart_Send</name>
         <uninitialized>true</uninitialized>
         <run_address>0x20000a64</run_address>
         <size>0x4c</size>
         <input_file_ref idref="fl-a"/>
      </object_component>
      <object_component id="oc-72">
         <name>.bss:Uart_Array</name>
         <uninitialized>true</uninitialized>
         <run_address>0x20000b40</run_address>
         <size>0x30</size>
         <input_file_ref idref="fl-a"/>
      </object_component>
      <object_component id="oc-96">
         <name>.bss:ucControlTable</name>
         <uninitialized>true</uninitialized>
         <run_address>0x20000000</run_address>
         <size>0x400</size>
         <input_file_ref idref="fl-c"/>
      </object_component>
      <object_component id="oc-174">
         <name>.bss:eml_b_x</name>
         <uninitialized>true</uninitialized>
         <run_address>0x20000824</run_address>
         <size>0x90</size>
         <input_file_ref idref="fl-7"/>
      </object_component>
      <object_component id="oc-1cb">
         <name>.bss:eml_d</name>
         <uninitialized>true</uninitialized>
         <run_address>0x20000af8</run_address>
         <size>0x48</size>
         <input_file_ref idref="fl-7"/>
      </object_component>
      <object_component id="oc-1cd">
         <name>.bss:eml_b_d</name>
         <uninitialized>true</uninitialized>
         <run_address>0x20000ab0</run_address>
         <size>0x48</size>
         <input_file_ref idref="fl-7"/>
      </object_component>
      <object_component id="oc-1d1">
         <name>.bss:eml_C_0</name>
         <uninitialized>true</uninitialized>
         <run_address>0x20000b98</run_address>
         <size>0x24</size>
         <input_file_ref idref="fl-7"/>
      </object_component>
      <object_component id="oc-1d3">
         <name>.bss:Kalman_Sim_DWork</name>
         <uninitialized>true</uninitialized>
         <run_address>0x20000400</run_address>
         <size>0x154</size>
         <input_file_ref idref="fl-7"/>
      </object_component>
      <object_component id="oc-1d9">
         <name>.bss:eml_Phik</name>
         <uninitialized>true</uninitialized>
         <run_address>0x20000704</run_address>
         <size>0x90</size>
         <input_file_ref idref="fl-7"/>
      </object_component>
      <object_component id="oc-1df">
         <name>.bss:eml_Phik_0</name>
         <uninitialized>true</uninitialized>
         <run_address>0x20000794</run_address>
         <size>0x90</size>
         <input_file_ref idref="fl-7"/>
      </object_component>
      <object_component id="oc-1e2">
         <name>.bss:tmp_1</name>
         <uninitialized>true</uninitialized>
         <run_address>0x20000c04</run_address>
         <size>0x24</size>
         <input_file_ref idref="fl-7"/>
      </object_component>
      <object_component id="oc-1e4">
         <name>.bss:tmp_2</name>
         <uninitialized>true</uninitialized>
         <run_address>0x20000c28</run_address>
         <size>0x24</size>
         <input_file_ref idref="fl-7"/>
      </object_component>
      <object_component id="oc-1e8">
         <name>.bss:tmp_3</name>
         <uninitialized>true</uninitialized>
         <run_address>0x200009d4</run_address>
         <size>0x90</size>
         <input_file_ref idref="fl-7"/>
      </object_component>
      <object_component id="oc-1ee">
         <name>.bss:eml_P</name>
         <uninitialized>true</uninitialized>
         <run_address>0x200005e4</run_address>
         <size>0x90</size>
         <input_file_ref idref="fl-7"/>
      </object_component>
      <object_component id="oc-1f5">
         <name>.bss:tmp_0</name>
         <uninitialized>true</uninitialized>
         <run_address>0x20000944</run_address>
         <size>0x90</size>
         <input_file_ref idref="fl-7"/>
      </object_component>
      <object_component id="oc-1fa">
         <name>.bss:eml_Kk</name>
         <uninitialized>true</uninitialized>
         <run_address>0x20000554</run_address>
         <size>0x90</size>
         <input_file_ref idref="fl-7"/>
      </object_component>
      <object_component id="oc-214">
         <name>.bss:eml_I</name>
         <uninitialized>true</uninitialized>
         <run_address>0x20000bbc</run_address>
         <size>0x24</size>
         <input_file_ref idref="fl-7"/>
      </object_component>
      <object_component id="oc-231">
         <name>.bss:eml_P_0</name>
         <uninitialized>true</uninitialized>
         <run_address>0x20000674</run_address>
         <size>0x90</size>
         <input_file_ref idref="fl-7"/>
      </object_component>
      <object_component id="oc-233">
         <name>.bss:tmp</name>
         <uninitialized>true</uninitialized>
         <run_address>0x200008b4</run_address>
         <size>0x90</size>
         <input_file_ref idref="fl-7"/>
      </object_component>
      <object_component id="oc-25a">
         <name>.bss:eml_I_0</name>
         <uninitialized>true</uninitialized>
         <run_address>0x20000be0</run_address>
         <size>0x24</size>
         <input_file_ref idref="fl-7"/>
      </object_component>
      <object_component id="oc-28a">
         <name>.bss:rx_temp_buffer</name>
         <uninitialized>true</uninitialized>
         <run_address>0x20000b70</run_address>
         <size>0x28</size>
         <input_file_ref idref="fl-a"/>
      </object_component>
      <object_component id="oc-312">
         <name>.common:rtInf</name>
         <uninitialized>true</uninitialized>
         <run_address>0x20000d70</run_address>
         <size>0x8</size>
      </object_component>
      <object_component id="oc-314">
         <name>.common:rtMinusInf</name>
         <uninitialized>true</uninitialized>
         <run_address>0x20000d78</run_address>
         <size>0x8</size>
      </object_component>
      <object_component id="oc-310">
         <name>.common:rtNaN</name>
         <uninitialized>true</uninitialized>
         <run_address>0x20000d80</run_address>
         <size>0x8</size>
      </object_component>
      <object_component id="oc-313">
         <name>.common:rtInfF</name>
         <uninitialized>true</uninitialized>
         <run_address>0x20000dd4</run_address>
         <size>0x4</size>
      </object_component>
      <object_component id="oc-315">
         <name>.common:rtMinusInfF</name>
         <uninitialized>true</uninitialized>
         <run_address>0x20000dd8</run_address>
         <size>0x4</size>
      </object_component>
      <object_component id="oc-311">
         <name>.common:rtNaNF</name>
         <uninitialized>true</uninitialized>
         <run_address>0x20000ddc</run_address>
         <size>0x4</size>
      </object_component>
      <object_component id="oc-281">
         <name>.common:fgyro</name>
         <uninitialized>true</uninitialized>
         <run_address>0x20000d10</run_address>
         <size>0xc</size>
      </object_component>
      <object_component id="oc-282">
         <name>.common:facc</name>
         <uninitialized>true</uninitialized>
         <run_address>0x20000d04</run_address>
         <size>0xc</size>
      </object_component>
      <object_component id="oc-283">
         <name>.common:fmag</name>
         <uninitialized>true</uninitialized>
         <run_address>0x20000d1c</run_address>
         <size>0xc</size>
      </object_component>
      <object_component id="oc-27d">
         <name>.common:Out2</name>
         <uninitialized>true</uninitialized>
         <run_address>0x20000d50</run_address>
         <size>0x8</size>
      </object_component>
      <object_component id="oc-280">
         <name>.common:Out1</name>
         <uninitialized>true</uninitialized>
         <run_address>0x20000ce0</run_address>
         <size>0xc</size>
      </object_component>
      <object_component id="oc-1a6">
         <name>.common:eml_p</name>
         <uninitialized>true</uninitialized>
         <run_address>0x20000d68</run_address>
         <size>0x8</size>
      </object_component>
      <object_component id="oc-1a9">
         <name>.common:eml_ipiv</name>
         <uninitialized>true</uninitialized>
         <run_address>0x20000d60</run_address>
         <size>0x8</size>
      </object_component>
      <object_component id="oc-1ae">
         <name>.common:eml_jBcol</name>
         <uninitialized>true</uninitialized>
         <run_address>0x20000da4</run_address>
         <size>0x4</size>
      </object_component>
      <object_component id="oc-1ab">
         <name>.common:eml_kAcol</name>
         <uninitialized>true</uninitialized>
         <run_address>0x20000db0</run_address>
         <size>0x4</size>
      </object_component>
      <object_component id="oc-1aa">
         <name>.common:eml_k</name>
         <uninitialized>true</uninitialized>
         <run_address>0x20000dac</run_address>
         <size>0x4</size>
      </object_component>
      <object_component id="oc-1ad">
         <name>.common:eml_i</name>
         <uninitialized>true</uninitialized>
         <run_address>0x20000d98</run_address>
         <size>0x4</size>
      </object_component>
      <object_component id="oc-1ac">
         <name>.common:eml_loop_ub</name>
         <uninitialized>true</uninitialized>
         <run_address>0x20000db4</run_address>
         <size>0x4</size>
      </object_component>
      <object_component id="oc-1a8">
         <name>.common:eml_b_k</name>
         <uninitialized>true</uninitialized>
         <run_address>0x20000d88</run_address>
         <size>0x4</size>
      </object_component>
      <object_component id="oc-19a">
         <name>.common:eml_mmj</name>
         <uninitialized>true</uninitialized>
         <run_address>0x20000db8</run_address>
         <size>0x4</size>
      </object_component>
      <object_component id="oc-19c">
         <name>.common:eml_jp1j</name>
         <uninitialized>true</uninitialized>
         <run_address>0x20000da8</run_address>
         <size>0x4</size>
      </object_component>
      <object_component id="oc-279">
         <name>.common:eml_j</name>
         <uninitialized>true</uninitialized>
         <run_address>0x20000d9c</run_address>
         <size>0x4</size>
      </object_component>
      <object_component id="oc-1a4">
         <name>.common:eml_jA</name>
         <uninitialized>true</uninitialized>
         <run_address>0x20000da0</run_address>
         <size>0x4</size>
      </object_component>
      <object_component id="oc-1a0">
         <name>.common:eml_smax</name>
         <uninitialized>true</uninitialized>
         <run_address>0x20000dc4</run_address>
         <size>0x4</size>
      </object_component>
      <object_component id="oc-1a2">
         <name>.common:eml_c_x</name>
         <uninitialized>true</uninitialized>
         <run_address>0x20000d8c</run_address>
         <size>0x4</size>
      </object_component>
      <object_component id="oc-1af">
         <name>.common:eml_y</name>
         <uninitialized>true</uninitialized>
         <run_address>0x20000dd0</run_address>
         <size>0x4</size>
      </object_component>
      <object_component id="oc-1b0">
         <name>.common:eml_scale</name>
         <uninitialized>true</uninitialized>
         <run_address>0x20000dbc</run_address>
         <size>0x4</size>
      </object_component>
      <object_component id="oc-1b1">
         <name>.common:eml_firstNonZero</name>
         <uninitialized>true</uninitialized>
         <run_address>0x20000dfc</run_address>
         <size>0x1</size>
      </object_component>
      <object_component id="oc-1b2">
         <name>.common:eml_xk</name>
         <uninitialized>true</uninitialized>
         <run_address>0x20000dcc</run_address>
         <size>0x4</size>
      </object_component>
      <object_component id="oc-1b3">
         <name>.common:eml_t</name>
         <uninitialized>true</uninitialized>
         <run_address>0x20000dc8</run_address>
         <size>0x4</size>
      </object_component>
      <object_component id="oc-265">
         <name>.common:eml_C</name>
         <uninitialized>true</uninitialized>
         <run_address>0x20000d4c</run_address>
         <size>0x4</size>
      </object_component>
      <object_component id="oc-1fe">
         <name>.common:eml_x</name>
         <uninitialized>true</uninitialized>
         <run_address>0x20000c4c</run_address>
         <size>0x18</size>
      </object_component>
      <object_component id="oc-224">
         <name>.common:eml_b_I</name>
         <uninitialized>true</uninitialized>
         <run_address>0x20000cec</run_address>
         <size>0xc</size>
      </object_component>
      <object_component id="oc-226">
         <name>.common:eml_c_I</name>
         <uninitialized>true</uninitialized>
         <run_address>0x20000cf8</run_address>
         <size>0xc</size>
      </object_component>
      <object_component id="oc-263">
         <name>.common:eml_cos_theta</name>
         <uninitialized>true</uninitialized>
         <run_address>0x20000d94</run_address>
         <size>0x4</size>
      </object_component>
      <object_component id="oc-264">
         <name>.common:eml_sin_phi</name>
         <uninitialized>true</uninitialized>
         <run_address>0x20000dc0</run_address>
         <size>0x4</size>
      </object_component>
      <object_component id="oc-23f">
         <name>.common:eml_cos_phi</name>
         <uninitialized>true</uninitialized>
         <run_address>0x20000d90</run_address>
         <size>0x4</size>
      </object_component>
      <object_component id="oc-24f">
         <name>.common:eml_x_0</name>
         <uninitialized>true</uninitialized>
         <run_address>0x20000c64</run_address>
         <size>0x18</size>
      </object_component>
      <object_component id="oc-26e">
         <name>.common:rtb_TmpSignalConversionAtSFunct</name>
         <uninitialized>true</uninitialized>
         <run_address>0x20000c94</run_address>
         <size>0x18</size>
      </object_component>
      <object_component id="oc-262">
         <name>.common:rtb_x_h</name>
         <uninitialized>true</uninitialized>
         <run_address>0x20000cac</run_address>
         <size>0x18</size>
      </object_component>
      <object_component id="oc-269">
         <name>.common:rtb_theta</name>
         <uninitialized>true</uninitialized>
         <run_address>0x20000de8</run_address>
         <size>0x4</size>
      </object_component>
      <object_component id="oc-259">
         <name>.common:rtb_x_0</name>
         <uninitialized>true</uninitialized>
         <run_address>0x20000d34</run_address>
         <size>0xc</size>
      </object_component>
      <object_component id="oc-21c">
         <name>.common:eml_Xh</name>
         <uninitialized>true</uninitialized>
         <run_address>0x20000d58</run_address>
         <size>0x8</size>
      </object_component>
      <object_component id="oc-210">
         <name>.common:rtb_x_h_0</name>
         <uninitialized>true</uninitialized>
         <run_address>0x20000d40</run_address>
         <size>0xc</size>
      </object_component>
      <object_component id="oc-250">
         <name>.common:rtb_TmpSignalConversionAtSFun_0</name>
         <uninitialized>true</uninitialized>
         <run_address>0x20000c7c</run_address>
         <size>0x18</size>
      </object_component>
      <object_component id="oc-27a">
         <name>.common:tmp_4</name>
         <uninitialized>true</uninitialized>
         <run_address>0x20000df4</run_address>
         <size>0x4</size>
      </object_component>
      <object_component id="oc-278">
         <name>.common:tmp_5</name>
         <uninitialized>true</uninitialized>
         <run_address>0x20000df8</run_address>
         <size>0x4</size>
      </object_component>
      <object_component id="oc-23b">
         <name>.common:rtb_Gain1_idx</name>
         <uninitialized>true</uninitialized>
         <run_address>0x20000de0</run_address>
         <size>0x4</size>
      </object_component>
      <object_component id="oc-21e">
         <name>.common:rtb_Gain1_idx_0</name>
         <uninitialized>true</uninitialized>
         <run_address>0x20000de4</run_address>
         <size>0x4</size>
      </object_component>
      <object_component id="oc-26c">
         <name>.common:rtb_x_h_idx</name>
         <uninitialized>true</uninitialized>
         <run_address>0x20000dec</run_address>
         <size>0x4</size>
      </object_component>
      <object_component id="oc-243">
         <name>.common:rtb_x_h_idx_0</name>
         <uninitialized>true</uninitialized>
         <run_address>0x20000df0</run_address>
         <size>0x4</size>
      </object_component>
      <object_component id="oc-318">
         <name>.common:Kalman_Sim_M_</name>
         <uninitialized>true</uninitialized>
         <run_address>0x20000cc4</run_address>
         <size>0x4</size>
      </object_component>
      <object_component id="oc-12d">
         <name>.common:offset</name>
         <uninitialized>true</uninitialized>
         <run_address>0x20000d28</run_address>
         <size>0xc</size>
      </object_component>
      <object_component id="oc-89">
         <name>.common:time_1</name>
         <uninitialized>true</uninitialized>
         <run_address>0x20000cc8</run_address>
         <size>0x18</size>
      </object_component>
      <object_component id="oc-23">
         <name>.stack</name>
         <uninitialized>true</uninitialized>
         <run_address>0x2000128c</run_address>
         <size>0x0</size>
         <input_file_ref idref="fl-142"/>
      </object_component>
      <object_component id="oc-3c4">
         <name>.stack</name>
         <uninitialized>true</uninitialized>
         <run_address>0x2000128c</run_address>
         <size>0x0</size>
      </object_component>
      <object_component id="oc-f">
         <name>.debug_info</name>
         <load_address>0x0</load_address>
         <run_address>0x0</run_address>
         <size>0xe4</size>
         <input_file_ref idref="fl-12"/>
      </object_component>
      <object_component id="oc-13">
         <name>.debug_info</name>
         <load_address>0xe4</load_address>
         <run_address>0xe4</run_address>
         <size>0xf3</size>
         <input_file_ref idref="fl-142"/>
      </object_component>
      <object_component id="oc-15">
         <name>.debug_info</name>
         <load_address>0x1d7</load_address>
         <run_address>0x1d7</run_address>
         <size>0x194</size>
         <input_file_ref idref="fl-143"/>
      </object_component>
      <object_component id="oc-1a">
         <name>.debug_info</name>
         <load_address>0x36b</load_address>
         <run_address>0x36b</run_address>
         <size>0x16a</size>
         <input_file_ref idref="fl-145"/>
      </object_component>
      <object_component id="oc-1f">
         <name>.debug_info</name>
         <load_address>0x4d5</load_address>
         <run_address>0x4d5</run_address>
         <size>0x18e</size>
         <input_file_ref idref="fl-144"/>
      </object_component>
      <object_component id="oc-25">
         <name>.debug_info</name>
         <load_address>0x663</load_address>
         <run_address>0x663</run_address>
         <size>0x258</size>
         <input_file_ref idref="fl-12"/>
      </object_component>
      <object_component id="oc-2a">
         <name>.debug_info</name>
         <load_address>0x8bb</load_address>
         <run_address>0x8bb</run_address>
         <size>0x548</size>
         <input_file_ref idref="fl-8"/>
      </object_component>
      <object_component id="oc-2f">
         <name>.debug_info</name>
         <load_address>0xe03</load_address>
         <run_address>0xe03</run_address>
         <size>0x491</size>
         <input_file_ref idref="fl-9"/>
      </object_component>
      <object_component id="oc-34">
         <name>.debug_info</name>
         <load_address>0x1294</load_address>
         <run_address>0x1294</run_address>
         <size>0x35b</size>
         <input_file_ref idref="fl-c"/>
      </object_component>
      <object_component id="oc-3a">
         <name>.debug_info</name>
         <load_address>0x15ef</load_address>
         <run_address>0x15ef</run_address>
         <size>0x1b7</size>
         <input_file_ref idref="fl-12"/>
      </object_component>
      <object_component id="oc-3e">
         <name>.debug_info</name>
         <load_address>0x17a6</load_address>
         <run_address>0x17a6</run_address>
         <size>0x13d</size>
         <input_file_ref idref="fl-160"/>
      </object_component>
      <object_component id="oc-43">
         <name>.debug_info</name>
         <load_address>0x18e3</load_address>
         <run_address>0x18e3</run_address>
         <size>0x11c</size>
         <input_file_ref idref="fl-15f"/>
      </object_component>
      <object_component id="oc-45">
         <name>.debug_info</name>
         <load_address>0x19ff</load_address>
         <run_address>0x19ff</run_address>
         <size>0x1c2</size>
         <input_file_ref idref="fl-147"/>
      </object_component>
      <object_component id="oc-4a">
         <name>.debug_info</name>
         <load_address>0x1bc1</load_address>
         <run_address>0x1bc1</run_address>
         <size>0xbe</size>
         <input_file_ref idref="fl-154"/>
      </object_component>
      <object_component id="oc-4f">
         <name>.debug_info</name>
         <load_address>0x1c7f</load_address>
         <run_address>0x1c7f</run_address>
         <size>0xcc</size>
         <input_file_ref idref="fl-150"/>
      </object_component>
      <object_component id="oc-51">
         <name>.debug_info</name>
         <load_address>0x1d4b</load_address>
         <run_address>0x1d4b</run_address>
         <size>0x46</size>
         <input_file_ref idref="fl-143"/>
      </object_component>
      <object_component id="oc-56">
         <name>.debug_info</name>
         <load_address>0x1d91</load_address>
         <run_address>0x1d91</run_address>
         <size>0xf2</size>
         <input_file_ref idref="fl-143"/>
      </object_component>
      <object_component id="oc-58">
         <name>.debug_info</name>
         <load_address>0x1e83</load_address>
         <run_address>0x1e83</run_address>
         <size>0x46</size>
         <input_file_ref idref="fl-145"/>
      </object_component>
      <object_component id="oc-5d">
         <name>.debug_info</name>
         <load_address>0x1ec9</load_address>
         <run_address>0x1ec9</run_address>
         <size>0xad</size>
         <input_file_ref idref="fl-145"/>
      </object_component>
      <object_component id="oc-5f">
         <name>.debug_info</name>
         <load_address>0x1f76</load_address>
         <run_address>0x1f76</run_address>
         <size>0x1ef</size>
         <input_file_ref idref="fl-144"/>
      </object_component>
      <object_component id="oc-64">
         <name>.debug_info</name>
         <load_address>0x2165</load_address>
         <run_address>0x2165</run_address>
         <size>0xb7</size>
         <input_file_ref idref="fl-144"/>
      </object_component>
      <object_component id="oc-65">
         <name>.debug_info</name>
         <load_address>0x221c</load_address>
         <run_address>0x221c</run_address>
         <size>0x39</size>
         <input_file_ref idref="fl-144"/>
      </object_component>
      <object_component id="oc-6c">
         <name>.debug_info</name>
         <load_address>0x2255</load_address>
         <run_address>0x2255</run_address>
         <size>0x1e4</size>
         <input_file_ref idref="fl-16a"/>
      </object_component>
      <object_component id="oc-71">
         <name>.debug_info</name>
         <load_address>0x2439</load_address>
         <run_address>0x2439</run_address>
         <size>0xd5</size>
         <input_file_ref idref="fl-a"/>
      </object_component>
      <object_component id="oc-73">
         <name>.debug_info</name>
         <load_address>0x250e</load_address>
         <run_address>0x250e</run_address>
         <size>0xd7</size>
         <input_file_ref idref="fl-a"/>
      </object_component>
      <object_component id="oc-75">
         <name>.debug_info</name>
         <load_address>0x25e5</load_address>
         <run_address>0x25e5</run_address>
         <size>0x84</size>
         <input_file_ref idref="fl-2"/>
      </object_component>
      <object_component id="oc-7a">
         <name>.debug_info</name>
         <load_address>0x2669</load_address>
         <run_address>0x2669</run_address>
         <size>0x18f</size>
         <input_file_ref idref="fl-8"/>
      </object_component>
      <object_component id="oc-7e">
         <name>.debug_info</name>
         <load_address>0x27f8</load_address>
         <run_address>0x27f8</run_address>
         <size>0xe1</size>
         <input_file_ref idref="fl-14c"/>
      </object_component>
      <object_component id="oc-81">
         <name>.debug_info</name>
         <load_address>0x28d9</load_address>
         <run_address>0x28d9</run_address>
         <size>0xe1</size>
         <input_file_ref idref="fl-156"/>
      </object_component>
      <object_component id="oc-85">
         <name>.debug_info</name>
         <load_address>0x29ba</load_address>
         <run_address>0x29ba</run_address>
         <size>0xed</size>
         <input_file_ref idref="fl-14b"/>
      </object_component>
      <object_component id="oc-88">
         <name>.debug_info</name>
         <load_address>0x2aa7</load_address>
         <run_address>0x2aa7</run_address>
         <size>0x3b0</size>
         <input_file_ref idref="fl-a"/>
      </object_component>
      <object_component id="oc-8a">
         <name>.debug_info</name>
         <load_address>0x2e57</load_address>
         <run_address>0x2e57</run_address>
         <size>0x1c9</size>
         <input_file_ref idref="fl-a"/>
      </object_component>
      <object_component id="oc-8c">
         <name>.debug_info</name>
         <load_address>0x3020</load_address>
         <run_address>0x3020</run_address>
         <size>0xd7</size>
         <input_file_ref idref="fl-a"/>
      </object_component>
      <object_component id="oc-8e">
         <name>.debug_info</name>
         <load_address>0x30f7</load_address>
         <run_address>0x30f7</run_address>
         <size>0x90c</size>
         <input_file_ref idref="fl-7"/>
      </object_component>
      <object_component id="oc-97">
         <name>.debug_info</name>
         <load_address>0x3a03</load_address>
         <run_address>0x3a03</run_address>
         <size>0xde</size>
         <input_file_ref idref="fl-c"/>
      </object_component>
      <object_component id="oc-9b">
         <name>.debug_info</name>
         <load_address>0x3ae1</load_address>
         <run_address>0x3ae1</run_address>
         <size>0x18b</size>
         <input_file_ref idref="fl-8"/>
      </object_component>
      <object_component id="oc-a4">
         <name>.debug_info</name>
         <load_address>0x3c6c</load_address>
         <run_address>0x3c6c</run_address>
         <size>0x14b</size>
         <input_file_ref idref="fl-161"/>
      </object_component>
      <object_component id="oc-a7">
         <name>.debug_info</name>
         <load_address>0x3db7</load_address>
         <run_address>0x3db7</run_address>
         <size>0x3f9</size>
         <input_file_ref idref="fl-11"/>
      </object_component>
      <object_component id="oc-ac">
         <name>.debug_info</name>
         <load_address>0x41b0</load_address>
         <run_address>0x41b0</run_address>
         <size>0x11b</size>
         <input_file_ref idref="fl-15f"/>
      </object_component>
      <object_component id="oc-ae">
         <name>.debug_info</name>
         <load_address>0x42cb</load_address>
         <run_address>0x42cb</run_address>
         <size>0xc8</size>
         <input_file_ref idref="fl-15e"/>
      </object_component>
      <object_component id="oc-b0">
         <name>.debug_info</name>
         <load_address>0x4393</load_address>
         <run_address>0x4393</run_address>
         <size>0xeb</size>
         <input_file_ref idref="fl-147"/>
      </object_component>
      <object_component id="oc-b2">
         <name>.debug_info</name>
         <load_address>0x447e</load_address>
         <run_address>0x447e</run_address>
         <size>0x146</size>
         <input_file_ref idref="fl-147"/>
      </object_component>
      <object_component id="oc-b6">
         <name>.debug_info</name>
         <load_address>0x45c4</load_address>
         <run_address>0x45c4</run_address>
         <size>0x2c</size>
         <input_file_ref idref="fl-143"/>
      </object_component>
      <object_component id="oc-bd">
         <name>.debug_info</name>
         <load_address>0x45f0</load_address>
         <run_address>0x45f0</run_address>
         <size>0x2c</size>
         <input_file_ref idref="fl-145"/>
      </object_component>
      <object_component id="oc-c8">
         <name>.debug_info</name>
         <load_address>0x461c</load_address>
         <run_address>0x461c</run_address>
         <size>0x10d</size>
         <input_file_ref idref="fl-16a"/>
      </object_component>
      <object_component id="oc-ca">
         <name>.debug_info</name>
         <load_address>0x4729</load_address>
         <run_address>0x4729</run_address>
         <size>0x18b</size>
         <input_file_ref idref="fl-168"/>
      </object_component>
      <object_component id="oc-cf">
         <name>.debug_info</name>
         <load_address>0x48b4</load_address>
         <run_address>0x48b4</run_address>
         <size>0x1d1</size>
         <input_file_ref idref="fl-16a"/>
      </object_component>
      <object_component id="oc-dd">
         <name>.debug_info</name>
         <load_address>0x4a85</load_address>
         <run_address>0x4a85</run_address>
         <size>0x2c</size>
         <input_file_ref idref="fl-8"/>
      </object_component>
      <object_component id="oc-e4">
         <name>.debug_info</name>
         <load_address>0x4ab1</load_address>
         <run_address>0x4ab1</run_address>
         <size>0x257</size>
         <input_file_ref idref="fl-8"/>
      </object_component>
      <object_component id="oc-eb">
         <name>.debug_info</name>
         <load_address>0x4d08</load_address>
         <run_address>0x4d08</run_address>
         <size>0x39</size>
         <input_file_ref idref="fl-6"/>
      </object_component>
      <object_component id="oc-f0">
         <name>.debug_info</name>
         <load_address>0x4d41</load_address>
         <run_address>0x4d41</run_address>
         <size>0x3d6</size>
         <input_file_ref idref="fl-2"/>
      </object_component>
      <object_component id="oc-f5">
         <name>.debug_info</name>
         <load_address>0x5117</load_address>
         <run_address>0x5117</run_address>
         <size>0x46</size>
         <input_file_ref idref="fl-2"/>
      </object_component>
      <object_component id="oc-fc">
         <name>.debug_info</name>
         <load_address>0x515d</load_address>
         <run_address>0x515d</run_address>
         <size>0x1a9</size>
         <input_file_ref idref="fl-c"/>
      </object_component>
      <object_component id="oc-fe">
         <name>.debug_info</name>
         <load_address>0x5306</load_address>
         <run_address>0x5306</run_address>
         <size>0x148</size>
         <input_file_ref idref="fl-161"/>
      </object_component>
      <object_component id="oc-100">
         <name>.debug_info</name>
         <load_address>0x544e</load_address>
         <run_address>0x544e</run_address>
         <size>0x1f7</size>
         <input_file_ref idref="fl-a"/>
      </object_component>
      <object_component id="oc-105">
         <name>.debug_info</name>
         <load_address>0x5645</load_address>
         <run_address>0x5645</run_address>
         <size>0x89e</size>
         <input_file_ref idref="fl-b"/>
      </object_component>
      <object_component id="oc-10a">
         <name>.debug_info</name>
         <load_address>0x5ee3</load_address>
         <run_address>0x5ee3</run_address>
         <size>0xc8d</size>
         <input_file_ref idref="fl-7"/>
      </object_component>
      <object_component id="oc-10f">
         <name>.debug_info</name>
         <load_address>0x6b70</load_address>
         <run_address>0x6b70</run_address>
         <size>0x29a</size>
         <input_file_ref idref="fl-f"/>
      </object_component>
      <object_component id="oc-114">
         <name>.debug_info</name>
         <load_address>0x6e0a</load_address>
         <run_address>0x6e0a</run_address>
         <size>0x4d5</size>
         <input_file_ref idref="fl-d"/>
      </object_component>
      <object_component id="oc-119">
         <name>.debug_info</name>
         <load_address>0x72df</load_address>
         <run_address>0x72df</run_address>
         <size>0x258</size>
         <input_file_ref idref="fl-e"/>
      </object_component>
      <object_component id="oc-11f">
         <name>.debug_info</name>
         <load_address>0x7537</load_address>
         <run_address>0x7537</run_address>
         <size>0xd3</size>
         <input_file_ref idref="fl-a"/>
      </object_component>
      <object_component id="oc-130">
         <name>.debug_info</name>
         <load_address>0x760a</load_address>
         <run_address>0x760a</run_address>
         <size>0xdf</size>
         <input_file_ref idref="fl-14e"/>
      </object_component>
      <object_component id="oc-134">
         <name>.debug_info</name>
         <load_address>0x76e9</load_address>
         <run_address>0x76e9</run_address>
         <size>0xe8</size>
         <input_file_ref idref="fl-14d"/>
      </object_component>
      <object_component id="oc-138">
         <name>.debug_info</name>
         <load_address>0x77d1</load_address>
         <run_address>0x77d1</run_address>
         <size>0xff</size>
         <input_file_ref idref="fl-148"/>
      </object_component>
      <object_component id="oc-13d">
         <name>.debug_info</name>
         <load_address>0x78d0</load_address>
         <run_address>0x78d0</run_address>
         <size>0x5e</size>
         <input_file_ref idref="fl-15f"/>
      </object_component>
      <object_component id="oc-143">
         <name>.debug_info</name>
         <load_address>0x792e</load_address>
         <run_address>0x792e</run_address>
         <size>0x1d4</size>
         <input_file_ref idref="fl-15e"/>
      </object_component>
      <object_component id="oc-149">
         <name>.debug_info</name>
         <load_address>0x7b02</load_address>
         <run_address>0x7b02</run_address>
         <size>0xd9</size>
         <input_file_ref idref="fl-15e"/>
      </object_component>
      <object_component id="oc-150">
         <name>.debug_info</name>
         <load_address>0x7bdb</load_address>
         <run_address>0x7bdb</run_address>
         <size>0x90</size>
         <input_file_ref idref="fl-168"/>
      </object_component>
      <object_component id="oc-157">
         <name>.debug_info</name>
         <load_address>0x7c6b</load_address>
         <run_address>0x7c6b</run_address>
         <size>0x1b0</size>
         <input_file_ref idref="fl-6"/>
      </object_component>
      <object_component id="oc-15c">
         <name>.debug_info</name>
         <load_address>0x7e1b</load_address>
         <run_address>0x7e1b</run_address>
         <size>0x23b</size>
         <input_file_ref idref="fl-2"/>
      </object_component>
      <object_component id="oc-161">
         <name>.debug_info</name>
         <load_address>0x8056</load_address>
         <run_address>0x8056</run_address>
         <size>0xcd</size>
         <input_file_ref idref="fl-161"/>
      </object_component>
      <object_component id="oc-169">
         <name>.debug_info</name>
         <load_address>0x8123</load_address>
         <run_address>0x8123</run_address>
         <size>0x1e3</size>
         <input_file_ref idref="fl-16a"/>
      </object_component>
      <object_component id="oc-16e">
         <name>.debug_info</name>
         <load_address>0x8306</load_address>
         <run_address>0x8306</run_address>
         <size>0x151</size>
         <input_file_ref idref="fl-b"/>
      </object_component>
      <object_component id="oc-170">
         <name>.debug_info</name>
         <load_address>0x8457</load_address>
         <run_address>0x8457</run_address>
         <size>0xdb</size>
         <input_file_ref idref="fl-149"/>
      </object_component>
      <object_component id="oc-175">
         <name>.debug_info</name>
         <load_address>0x8532</load_address>
         <run_address>0x8532</run_address>
         <size>0xd4</size>
         <input_file_ref idref="fl-7"/>
      </object_component>
      <object_component id="oc-18d">
         <name>.debug_info</name>
         <load_address>0x8606</load_address>
         <run_address>0x8606</run_address>
         <size>0x237</size>
         <input_file_ref idref="fl-153"/>
      </object_component>
      <object_component id="oc-1b6">
         <name>.debug_info</name>
         <load_address>0x883d</load_address>
         <run_address>0x883d</run_address>
         <size>0xdd</size>
         <input_file_ref idref="fl-149"/>
      </object_component>
      <object_component id="oc-1bb">
         <name>.debug_info</name>
         <load_address>0x891a</load_address>
         <run_address>0x891a</run_address>
         <size>0xe3</size>
         <input_file_ref idref="fl-6"/>
      </object_component>
      <object_component id="oc-1cc">
         <name>.debug_info</name>
         <load_address>0x89fd</load_address>
         <run_address>0x89fd</run_address>
         <size>0xd0</size>
         <input_file_ref idref="fl-7"/>
      </object_component>
      <object_component id="oc-1ce">
         <name>.debug_info</name>
         <load_address>0x8acd</load_address>
         <run_address>0x8acd</run_address>
         <size>0xd4</size>
         <input_file_ref idref="fl-7"/>
      </object_component>
      <object_component id="oc-1d2">
         <name>.debug_info</name>
         <load_address>0x8ba1</load_address>
         <run_address>0x8ba1</run_address>
         <size>0xd4</size>
         <input_file_ref idref="fl-7"/>
      </object_component>
      <object_component id="oc-1d4">
         <name>.debug_info</name>
         <load_address>0x8c75</load_address>
         <run_address>0x8c75</run_address>
         <size>0xe6</size>
         <input_file_ref idref="fl-7"/>
      </object_component>
      <object_component id="oc-1da">
         <name>.debug_info</name>
         <load_address>0x8d5b</load_address>
         <run_address>0x8d5b</run_address>
         <size>0xd6</size>
         <input_file_ref idref="fl-7"/>
      </object_component>
      <object_component id="oc-1e0">
         <name>.debug_info</name>
         <load_address>0x8e31</load_address>
         <run_address>0x8e31</run_address>
         <size>0xda</size>
         <input_file_ref idref="fl-7"/>
      </object_component>
      <object_component id="oc-1e3">
         <name>.debug_info</name>
         <load_address>0x8f0b</load_address>
         <run_address>0x8f0b</run_address>
         <size>0xd0</size>
         <input_file_ref idref="fl-7"/>
      </object_component>
      <object_component id="oc-1e5">
         <name>.debug_info</name>
         <load_address>0x8fdb</load_address>
         <run_address>0x8fdb</run_address>
         <size>0xd0</size>
         <input_file_ref idref="fl-7"/>
      </object_component>
      <object_component id="oc-1e9">
         <name>.debug_info</name>
         <load_address>0x90ab</load_address>
         <run_address>0x90ab</run_address>
         <size>0xd0</size>
         <input_file_ref idref="fl-7"/>
      </object_component>
      <object_component id="oc-1eb">
         <name>.debug_info</name>
         <load_address>0x917b</load_address>
         <run_address>0x917b</run_address>
         <size>0xcf</size>
         <input_file_ref idref="fl-7"/>
      </object_component>
      <object_component id="oc-1ef">
         <name>.debug_info</name>
         <load_address>0x924a</load_address>
         <run_address>0x924a</run_address>
         <size>0xd0</size>
         <input_file_ref idref="fl-7"/>
      </object_component>
      <object_component id="oc-1f1">
         <name>.debug_info</name>
         <load_address>0x931a</load_address>
         <run_address>0x931a</run_address>
         <size>0xcf</size>
         <input_file_ref idref="fl-7"/>
      </object_component>
      <object_component id="oc-1f6">
         <name>.debug_info</name>
         <load_address>0x93e9</load_address>
         <run_address>0x93e9</run_address>
         <size>0xd0</size>
         <input_file_ref idref="fl-7"/>
      </object_component>
      <object_component id="oc-1fb">
         <name>.debug_info</name>
         <load_address>0x94b9</load_address>
         <run_address>0x94b9</run_address>
         <size>0xd2</size>
         <input_file_ref idref="fl-7"/>
      </object_component>
      <object_component id="oc-205">
         <name>.debug_info</name>
         <load_address>0x958b</load_address>
         <run_address>0x958b</run_address>
         <size>0x224</size>
         <input_file_ref idref="fl-140"/>
      </object_component>
      <object_component id="oc-208">
         <name>.debug_info</name>
         <load_address>0x97af</load_address>
         <run_address>0x97af</run_address>
         <size>0xff</size>
         <input_file_ref idref="fl-146"/>
      </object_component>
      <object_component id="oc-215">
         <name>.debug_info</name>
         <load_address>0x98ae</load_address>
         <run_address>0x98ae</run_address>
         <size>0xd0</size>
         <input_file_ref idref="fl-7"/>
      </object_component>
      <object_component id="oc-232">
         <name>.debug_info</name>
         <load_address>0x997e</load_address>
         <run_address>0x997e</run_address>
         <size>0xd4</size>
         <input_file_ref idref="fl-7"/>
      </object_component>
      <object_component id="oc-234">
         <name>.debug_info</name>
         <load_address>0x9a52</load_address>
         <run_address>0x9a52</run_address>
         <size>0xcc</size>
         <input_file_ref idref="fl-7"/>
      </object_component>
      <object_component id="oc-236">
         <name>.debug_info</name>
         <load_address>0x9b1e</load_address>
         <run_address>0x9b1e</run_address>
         <size>0xcf</size>
         <input_file_ref idref="fl-7"/>
      </object_component>
      <object_component id="oc-24b">
         <name>.debug_info</name>
         <load_address>0x9bed</load_address>
         <run_address>0x9bed</run_address>
         <size>0x240</size>
         <input_file_ref idref="fl-3"/>
      </object_component>
      <object_component id="oc-255">
         <name>.debug_info</name>
         <load_address>0x9e2d</load_address>
         <run_address>0x9e2d</run_address>
         <size>0xdf</size>
         <input_file_ref idref="fl-14f"/>
      </object_component>
      <object_component id="oc-25b">
         <name>.debug_info</name>
         <load_address>0x9f0c</load_address>
         <run_address>0x9f0c</run_address>
         <size>0xd4</size>
         <input_file_ref idref="fl-7"/>
      </object_component>
      <object_component id="oc-270">
         <name>.debug_info</name>
         <load_address>0x9fe0</load_address>
         <run_address>0x9fe0</run_address>
         <size>0x43c</size>
         <input_file_ref idref="fl-2"/>
      </object_component>
      <object_component id="oc-275">
         <name>.debug_info</name>
         <load_address>0xa41c</load_address>
         <run_address>0xa41c</run_address>
         <size>0xfc</size>
         <input_file_ref idref="fl-151"/>
      </object_component>
      <object_component id="oc-27c">
         <name>.debug_info</name>
         <load_address>0xa518</load_address>
         <run_address>0xa518</run_address>
         <size>0xde</size>
         <input_file_ref idref="fl-7"/>
      </object_component>
      <object_component id="oc-288">
         <name>.debug_info</name>
         <load_address>0xa5f6</load_address>
         <run_address>0xa5f6</run_address>
         <size>0x1b0</size>
         <input_file_ref idref="fl-141"/>
      </object_component>
      <object_component id="oc-28b">
         <name>.debug_info</name>
         <load_address>0xa7a6</load_address>
         <run_address>0xa7a6</run_address>
         <size>0xdf</size>
         <input_file_ref idref="fl-a"/>
      </object_component>
      <object_component id="oc-28d">
         <name>.debug_info</name>
         <load_address>0xa885</load_address>
         <run_address>0xa885</run_address>
         <size>0xd9</size>
         <input_file_ref idref="fl-a"/>
      </object_component>
      <object_component id="oc-293">
         <name>.debug_info</name>
         <load_address>0xa95e</load_address>
         <run_address>0xa95e</run_address>
         <size>0xff</size>
         <input_file_ref idref="fl-152"/>
      </object_component>
      <object_component id="oc-29e">
         <name>.debug_info</name>
         <load_address>0xaa5d</load_address>
         <run_address>0xaa5d</run_address>
         <size>0xfa</size>
         <input_file_ref idref="fl-6"/>
      </object_component>
      <object_component id="oc-2a2">
         <name>.debug_info</name>
         <load_address>0xab57</load_address>
[...]
         <value>0x7c51</value>
         <object_component_ref idref="oc-ff"/>
      </symbol>
      <symbol id="sm-5a1">
         <name>Init_FPU</name>
         <value>0x7c35</value>
         <object_component_ref idref="oc-ff"/>
      </symbol>
      <symbol id="sm-5a2">
         <name>v</name>
         <value>0x20001160</value>
         <object_component_ref idref="oc-87"/>
      </symbol>
      <symbol id="sm-5a3">
         <name>i</name>
         <value>0x20001148</value>
         <object_component_ref idref="oc-87"/>
      </symbol>
      <symbol id="sm-5a4">
         <name>K</name>
         <value>0x20001170</value>
         <object_component_ref idref="oc-87"/>
      </symbol>
      <symbol id="sm-5a5">
         <name>theta</name>
         <value>0x2000116c</value>
         <object_component_ref idref="oc-87"/>
      </symbol>
      <symbol id="sm-5a6">
         <name>Size_Send_DMA_1</name>
         <value>0x20001154</value>
         <object_component_ref idref="oc-87"/>
      </symbol>
      <symbol id="sm-5a7">
         <name>Size_Send_DMA_0</name>
         <value>0x20001155</value>
         <object_component_ref idref="oc-87"/>
      </symbol>
      <symbol id="sm-5a8">
         <name>z_scale</name>
         <value>0x20001140</value>
         <object_component_ref idref="oc-87"/>
      </symbol>
      <symbol id="sm-5a9">
         <name>My_Init</name>
         <value>0x7c61</value>
         <object_component_ref idref="oc-ff"/>
      </symbol>
      <symbol id="sm-5aa">
         <name>Uart_Send_0</name>
         <value>0x2000115a</value>
         <object_component_ref idref="oc-87"/>
      </symbol>
      <symbol id="sm-5ab">
         <name>rx_temp_buffer</name>
         <value>0x20000b70</value>
         <object_component_ref idref="oc-28a"/>
      </symbol>
      <symbol id="sm-5ac">
         <name>Uart_Send</name>
         <value>0x20000a64</value>
         <object_component_ref idref="oc-70"/>
      </symbol>
      <symbol id="sm-5ad">
         <name>Roll_Acc</name>
         <value>0x2000114c</value>
         <object_component_ref idref="oc-87"/>
      </symbol>
      <symbol id="sm-5ae">
         <name>temp2</name>
         <value>0x20001175</value>
         <object_component_ref idref="oc-87"/>
      </symbol>
      <symbol id="sm-5af">
         <name>temp3</name>
         <value>0x20001176</value>
         <object_component_ref idref="oc-87"/>
      </symbol>
      <symbol id="sm-5b0">
         <name>temp4</name>
         <value>0x20001177</value>
         <object_component_ref idref="oc-87"/>
      </symbol>
      <symbol id="sm-5b1">
         <name>temp5</name>
         <value>0x20001178</value>
         <object_component_ref idref="oc-87"/>
      </symbol>
      <symbol id="sm-5b2">
         <name>temp6</name>
         <value>0x20001179</value>
         <object_component_ref idref="oc-87"/>
      </symbol>
      <symbol id="sm-5b3">
         <name>Timer_interrupt_flag_3</name>
         <value>0x20001158</value>
         <object_component_ref idref="oc-87"/>
      </symbol>
      <symbol id="sm-5b4">
         <name>Timer_interrupt_flag_2</name>
         <value>0x20001157</value>
         <object_component_ref idref="oc-87"/>
      </symbol>
      <symbol id="sm-5b5">
         <name>Timer_interrupt_flag_4</name>
         <value>0x20001159</value>
         <object_component_ref idref="oc-87"/>
      </symbol>
      <symbol id="sm-5b6">
         <name>flag</name>
         <value>0x20001144</value>
         <object_component_ref idref="oc-87"/>
      </symbol>
      <symbol id="sm-5b7">
         <name>time</name>
         <value>0x2000117c</value>
         <object_component_ref idref="oc-87"/>
      </symbol>
      <symbol id="sm-5b8">
         <name>sen_offset</name>
         <value>0x20001180</value>
         <object_component_ref idref="oc-8b"/>
      </symbol>
      <symbol id="sm-5b9">
         <name>sen_data</name>
         <value>0x200011c0</value>
         <object_component_ref idref="oc-11e"/>
      </symbol>
      <symbol id="sm-5e1">
         <name>Init_Accelerometer</name>
         <value>0x53e5</value>
         <object_component_ref idref="oc-104"/>
      </symbol>
      <symbol id="sm-5e2">
         <name>Init_Compass</name>
         <value>0x546b</value>
         <object_component_ref idref="oc-104"/>
      </symbol>
      <symbol id="sm-5e3">
         <name>Init_Gyro</name>
         <value>0x541f</value>
         <object_component_ref idref="oc-104"/>
      </symbol>
      <symbol id="sm-5e4">
         <name>I2C_write</name>
         <value>0x56ef</value>
         <object_component_ref idref="oc-104"/>
      </symbol>
      <symbol id="sm-5e5">
         <name>Init_Sensors</name>
         <value>0x575d</value>
         <object_component_ref idref="oc-104"/>
      </symbol>
      <symbol id="sm-5e6">
         <name>I2C_Read_Packet_From_Sensor</name>
         <value>0x55cd</value>
         <object_component_ref idref="oc-104"/>
      </symbol>
      <symbol id="sm-5e7">
         <name>Init_I2C</name>
         <value>0x54a5</value>
         <object_component_ref idref="oc-104"/>
      </symbol>
      <symbol id="sm-5e8">
         <name>I2C_read_byte</name>
         <value>0x553d</value>
         <object_component_ref idref="oc-104"/>
      </symbol>
      <symbol id="sm-60b">
         <name>ucControlTable</name>
         <value>0x20000000</value>
         <object_component_ref idref="oc-96"/>
      </symbol>
      <symbol id="sm-60c">
         <name>Init_DMA</name>
         <value>0x68fd</value>
         <object_component_ref idref="oc-33"/>
      </symbol>
      <symbol id="sm-60d">
         <name>uDMAErrorHandler</name>
         <value>0x6a2b</value>
         <object_component_ref idref="oc-33"/>
      </symbol>
      <symbol id="sm-60e">
         <name>DMAIntHandler</name>
         <value>0x69fd</value>
         <object_component_ref idref="oc-33"/>
      </symbol>
      <symbol id="sm-60f">
         <name>DMA_Re_Enable_1</name>
         <value>0x69ad</value>
         <object_component_ref idref="oc-33"/>
      </symbol>
      <symbol id="sm-610">
         <name>DMA_Re_Enable_0</name>
         <value>0x69d5</value>
         <object_component_ref idref="oc-33"/>
      </symbol>
      <symbol id="sm-63b">
         <name>Read_Compass</name>
         <value>0x5035</value>
         <object_component_ref idref="oc-113"/>
      </symbol>
      <symbol id="sm-63c">
         <name>Compass_Heading</name>
         <value>0x519f</value>
         <object_component_ref idref="oc-113"/>
      </symbol>
      <symbol id="sm-63d">
         <name>Calculate_Compass</name>
         <value>0x52eb</value>
         <object_component_ref idref="oc-113"/>
      </symbol>
      <symbol id="sm-65f">
         <name>Calculate_Gyro</name>
         <value>0x64ad</value>
         <object_component_ref idref="oc-118"/>
      </symbol>
      <symbol id="sm-660">
         <name>Read_Gyro</name>
         <value>0x6365</value>
         <object_component_ref idref="oc-118"/>
      </symbol>
      <symbol id="sm-689">
         <name>Calculate_Acc</name>
         <value>0x5f4d</value>
         <object_component_ref idref="oc-10e"/>
      </symbol>
      <symbol id="sm-68a">
         <name>Read_Accelerometer</name>
         <value>0x5e01</value>
         <object_component_ref idref="oc-10e"/>
      </symbol>
      <symbol id="sm-70c">
         <name>main</name>
         <value>0x47dd</value>
         <object_component_ref idref="oc-a6"/>
      </symbol>
      <symbol id="sm-726">
         <name>ResetISR</name>
         <value>0x7f5b</value>
         <object_component_ref idref="oc-24"/>
      </symbol>
      <symbol id="sm-727">
         <name>g_pfnVectors</name>
         <value>0x0</value>
         <object_component_ref idref="oc-e"/>
      </symbol>
      <symbol id="sm-73e">
         <name>asin</name>
         <value>0x6f91</value>
         <object_component_ref idref="oc-202"/>
      </symbol>
      <symbol id="sm-756">
         <name>atan2</name>
         <value>0x70ad</value>
         <object_component_ref idref="oc-285"/>
      </symbol>
      <symbol id="sm-765">
         <name>_c_int00</name>
         <value>0x7ba5</value>
         <object_component_ref idref="oc-10"/>
      </symbol>
      <symbol id="sm-766">
         <name>__stack</name>
         <value>0x2000128c</value>
         <object_component_ref idref="oc-23"/>
      </symbol>
      <symbol id="sm-77c">
         <name>__TI_decompress_none</name>
         <value>0x7f4d</value>
         <object_component_ref idref="oc-14"/>
      </symbol>
      <symbol id="sm-79e">
         <name>__TI_decompress_rle24</name>
         <value>0x7f6d</value>
         <object_component_ref idref="oc-1e"/>
      </symbol>
      <symbol id="sm-7b6">
         <name>__TI_zero_init</name>
         <value>0x7f3b</value>
         <object_component_ref idref="oc-19"/>
      </symbol>
      <symbol id="sm-7c2">
         <name>cos</name>
         <value>0x7ec7</value>
         <object_component_ref idref="oc-207"/>
      </symbol>
      <symbol id="sm-7de">
         <name>C$$EXIT</name>
         <value>0x7cbd</value>
         <object_component_ref idref="oc-44"/>
      </symbol>
      <symbol id="sm-7df">
         <name>abort</name>
         <value>0x7cc1</value>
         <object_component_ref idref="oc-44"/>
      </symbol>
      <symbol id="sm-7e0">
         <name>exit</name>
         <value>0x7cc9</value>
         <object_component_ref idref="oc-44"/>
      </symbol>
      <symbol id="sm-7e1">
         <name>__TI_dtors_ptr</name>
         <value>0x20001274</value>
         <object_component_ref idref="oc-af"/>
      </symbol>
      <symbol id="sm-7e2">
         <name>__TI_cleanup_ptr</name>
         <value>0x20001270</value>
         <object_component_ref idref="oc-af"/>
      </symbol>
      <symbol id="sm-7f8">
         <name>__aeabi_dsub</name>
         <value>0x65b9</value>
         <object_component_ref idref="oc-136"/>
      </symbol>
      <symbol id="sm-7f9">
         <name>__aeabi_dadd</name>
         <value>0x65c3</value>
         <object_component_ref idref="oc-136"/>
      </symbol>
      <symbol id="sm-819">
         <name>__aeabi_cdcmpeq</name>
         <value>0x7861</value>
         <object_component_ref idref="oc-16f"/>
      </symbol>
      <symbol id="sm-81a">
         <name>__aeabi_cdcmple</name>
         <value>0x7861</value>
         <object_component_ref idref="oc-16f"/>
      </symbol>
      <symbol id="sm-81b">
         <name>__aeabi_cdrcmple</name>
         <value>0x78e7</value>
         <object_component_ref idref="oc-1b4"/>
      </symbol>
      <symbol id="sm-82e">
         <name>__aeabi_ddiv</name>
         <value>0x6d29</value>
         <object_component_ref idref="oc-2b6"/>
      </symbol>
      <symbol id="sm-838">
         <name>__aeabi_dmul</name>
         <value>0x73e9</value>
         <object_component_ref idref="oc-83"/>
      </symbol>
      <symbol id="sm-841">
         <name>__aeabi_d2iz</name>
         <value>0x7bed</value>
         <object_component_ref idref="oc-7b"/>
      </symbol>
      <symbol id="sm-84a">
         <name>__aeabi_d2f</name>
         <value>0x7b13</value>
         <object_component_ref idref="oc-132"/>
      </symbol>
      <symbol id="sm-854">
         <name>__aeabi_f2d</name>
         <value>0x7d85</value>
         <object_component_ref idref="oc-12e"/>
      </symbol>
      <symbol id="sm-85d">
         <name>__aeabi_i2d</name>
         <value>0x7e21</value>
         <object_component_ref idref="oc-253"/>
      </symbol>
      <symbol id="sm-877">
         <name>memcpy</name>
         <value>0x7731</value>
         <object_component_ref idref="oc-4c"/>
      </symbol>
      <symbol id="sm-878">
         <name>__aeabi_memcpy</name>
         <value>0x7731</value>
         <object_component_ref idref="oc-4c"/>
      </symbol>
      <symbol id="sm-879">
         <name>__aeabi_memcpy8</name>
         <value>0x7731</value>
         <object_component_ref idref="oc-4c"/>
      </symbol>
      <symbol id="sm-87a">
         <name>__aeabi_memcpy4</name>
         <value>0x7731</value>
         <object_component_ref idref="oc-4c"/>
      </symbol>
      <symbol id="sm-888">
         <name>__aeabi_memset</name>
         <value>0x796f</value>
         <object_component_ref idref="oc-274"/>
      </symbol>
      <symbol id="sm-889">
         <name>memset</name>
         <value>0x7975</value>
         <object_component_ref idref="oc-274"/>
      </symbol>
      <symbol id="sm-88a">
         <name>__aeabi_memset8</name>
         <value>0x796f</value>
         <object_component_ref idref="oc-274"/>
      </symbol>
      <symbol id="sm-88b">
         <name>__aeabi_memset4</name>
         <value>0x796f</value>
         <object_component_ref idref="oc-274"/>
      </symbol>
      <symbol id="sm-88c">
         <name>__aeabi_memclr8</name>
         <value>0x796d</value>
         <object_component_ref idref="oc-274"/>
      </symbol>
      <symbol id="sm-88d">
         <name>__aeabi_memclr4</name>
         <value>0x796d</value>
         <object_component_ref idref="oc-274"/>
      </symbol>
      <symbol id="sm-88e">
         <name>__aeabi_memclr</name>
         <value>0x796d</value>
         <object_component_ref idref="oc-274"/>
      </symbol>
      <symbol id="sm-89a">
         <name>sin</name>
         <value>0x7ee1</value>
         <object_component_ref idref="oc-28f"/>
      </symbol>
      <symbol id="sm-8b0">
         <name>sqrt</name>
         <value>0x6be1</value>
         <object_component_ref idref="oc-189"/>
      </symbol>
      <symbol id="sm-8b7">
         <name>main_func_sp</name>
         <value>0x20001288</value>
         <object_component_ref idref="oc-49"/>
      </symbol>
      <symbol id="sm-8c1">
         <name>__aeabi_ui2d</name>
         <value>0x7ea7</value>
         <object_component_ref idref="oc-7f"/>
      </symbol>
      <symbol id="sm-8e1">
         <name>_Atan</name>
         <value>0x6771</value>
         <object_component_ref idref="oc-2eb"/>
      </symbol>
      <symbol id="sm-8fb">
         <name>_Dscale</name>
         <value>0x72d9</value>
         <object_component_ref idref="oc-2ba"/>
      </symbol>
      <symbol id="sm-90c">
         <name>_Dtest</name>
         <value>0x7d01</value>
         <object_component_ref idref="oc-2e6"/>
      </symbol>
      <symbol id="sm-91f">
         <name>_Dunscale</name>
         <value>0x7a51</value>
         <object_component_ref idref="oc-2b1"/>
      </symbol>
      <symbol id="sm-92d">
         <name>_Feraise</name>
         <value>0x7df1</value>
         <object_component_ref idref="oc-2bf"/>
      </symbol>
      <symbol id="sm-963">
         <name>_Sin</name>
         <value>0x60bd</value>
         <object_component_ref idref="oc-2f2"/>
      </symbol>
      <symbol id="sm-972">
         <name>_Rteps</name>
         <value>0x20001120</value>
         <object_component_ref idref="oc-2c4"/>
      </symbol>
      <symbol id="sm-973">
         <name>_Zero</name>
         <value>0x20001138</value>
         <object_component_ref idref="oc-2c4"/>
      </symbol>
      <symbol id="sm-974">
         <name>_Hugeval</name>
         <value>0x200010e0</value>
         <object_component_ref idref="oc-2c4"/>
      </symbol>
      <symbol id="sm-975">
         <name>_Snan</name>
         <value>0x20001110</value>
         <object_component_ref idref="oc-2c4"/>
      </symbol>
      <symbol id="sm-976">
         <name>_Nan</name>
         <value>0x20001100</value>
         <object_component_ref idref="oc-2c4"/>
      </symbol>
      <symbol id="sm-977">
         <name>_Inf</name>
         <value>0x200010f0</value>
         <object_component_ref idref="oc-2c4"/>
      </symbol>
      <symbol id="sm-978">
         <name>_Xbig</name>
         <value>0x20001130</value>
         <object_component_ref idref="oc-2c4"/>
      </symbol>
      <symbol id="sm-979">
         <name>_Eps</name>
         <value>0x200010d0</value>
         <object_component_ref idref="oc-2c4"/>
      </symbol>
      <symbol id="sm-97a">
         <name>_Denorm</name>
         <value>0x200010c0</value>
         <object_component_ref idref="oc-2c4"/>
      </symbol>
      <symbol id="sm-990">
         <name>_nop</name>
         <value>0x7f23</value>
         <object_component_ref idref="oc-142"/>
      </symbol>
      <symbol id="sm-991">
         <name>_lock</name>
         <value>0x20001268</value>
         <object_component_ref idref="oc-ad"/>
      </symbol>
      <symbol id="sm-992">
         <name>_unlock</name>
         <value>0x2000126c</value>
         <object_component_ref idref="oc-ad"/>
      </symbol>
      <symbol id="sm-993">
         <name>_register_lock</name>
         <value>0x7f1b</value>
         <object_component_ref idref="oc-142"/>
      </symbol>
      <symbol id="sm-994">
         <name>_register_unlock</name>
         <value>0x7f15</value>
         <object_component_ref idref="oc-142"/>
      </symbol>
      <symbol id="sm-9a7">
         <name>_args_main</name>
         <value>0x7efd</value>
         <object_component_ref idref="oc-3f"/>
      </symbol>
      <symbol id="sm-9c3">
         <name>__TI_auto_init</name>
         <value>0x77cd</value>
         <object_component_ref idref="oc-3b"/>
      </symbol>
      <symbol id="sm-9db">
         <name>copy_in</name>
         <value>0x7c79</value>
         <object_component_ref idref="oc-a0"/>
      </symbol>
      <symbol id="sm-9e2">
         <name>_Errno</name>
         <value>0x20001284</value>
         <object_component_ref idref="oc-336"/>
      </symbol>
      <symbol id="sm-9fd">
         <name>feraiseexcept</name>
         <value>0x7dbd</value>
         <object_component_ref idref="oc-331"/>
      </symbol>
      <symbol id="sm-9fe">
         <name>_Tls_setup__Fenv</name>
         <value>0x2000127c</value>
         <object_component_ref idref="oc-36c"/>
      </symbol>
      <symbol id="sm-9ff">
         <name>_Fenv</name>
         <value>0x20001278</value>
         <object_component_ref idref="oc-36c"/>
      </symbol>
      <symbol id="sm-a1e">
         <name>fmod</name>
         <value>0x6a75</value>
         <object_component_ref idref="oc-347"/>
      </symbol>
      <symbol id="sm-a31">
         <name>raise</name>
         <value>0x7e4f</value>
         <object_component_ref idref="oc-367"/>
      </symbol>
      <symbol id="sm-a49">
         <name>signal</name>
         <value>0x7d45</value>
         <object_component_ref idref="oc-37e"/>
      </symbol>
      <symbol id="sm-a5d">
         <name>_Dnorm</name>
         <value>0x75b5</value>
         <object_component_ref idref="oc-327"/>
      </symbol>
      <symbol id="sm-a6b">
         <name>SysCtlDelay</name>
         <value>0x7f67</value>
         <object_component_ref idref="oc-167"/>
      </symbol>
      <symbol id="sm-a97">
         <name>GPIOPinConfigure</name>
         <value>0x7b5d</value>
         <object_component_ref idref="oc-6b"/>
      </symbol>
      <symbol id="sm-a98">
         <name>GPIOPinTypeI2CSCL</name>
         <value>0x7f29</value>
         <object_component_ref idref="oc-168"/>
      </symbol>
      <symbol id="sm-a99">
         <name>GPIODirModeSet</name>
         <value>0x7e7d</value>
         <object_component_ref idref="oc-2a1"/>
      </symbol>
      <symbol id="sm-a9a">
         <name>GPIOPadConfigSet</name>
         <value>0x7679</value>
         <object_component_ref idref="oc-2a6"/>
      </symbol>
      <symbol id="sm-a9c">
         <name>__TI_static_base__</name>
         <value>0x0</value>
      </symbol>
      <symbol id="sm-a9d">
         <name>__TI_args_main</name>
         <value>0x1</value>
      </symbol>
      <symbol id="sm-a9e">
         <name>SHT$$INIT_ARRAY$$Limit</name>
         <value>0x0</value>
      </symbol>
      <symbol id="sm-a9f">
         <name>SHT$$INIT_ARRAY$$Base</name>
         <value>0x0</value>
      </symbol>
   </symbol_table>
   <title>Link successful</title>
</link_info>
